EXECUTING: /Users/runner/Library/Android/sdk/platform-tools/adb -H localhost -P 5037 -s emulator-5554 shell logcat -v threadtime -b main -T '02-19 15:40:05.000'
CURRENT_WORKING_DIRECTORY: /Users/runner/work/blueprint-mobile/blueprint-mobile/app-android
START_TIME: 2023-02-19 15:41:47.169
START_TIME-NANOS: 2023-02-19 15:41:47.169386000
ENVIRONMENT:
ANDROID_SDK_HOME=/Users/runner/Library/Android/sdk
ANDROID_ADB=/Users/runner/Library/Android/sdk/platform-tools/adb
*****************************************
STDOUT/STDERR BELOW
===================
--------- beginning of main
02-19 15:40:05.046   525   563 I GnssNetworkConnectivityHandler: updateNetworkState, state=CLOSED, connected=true, network=101, capabilities=[ Transports: WIFI Capabilities: NOT_METERED&INTERNET&NOT_RESTRICTED&TRUSTED&NOT_VPN&VALIDATED&NOT_ROAMING&FOREGROUND&NOT_CONGESTED&NOT_SUSPENDED LinkUpBandwidth>=141000Kbps LinkDnBandwidth>=141000Kbps SignalStrength: -30 OwnerUid: 1000 AdministratorUids: [] SSID: "AndroidWifi" RequestorUid: -1 RequestorPackageName: null], apn: , availableNetworkCount: 2
02-19 15:40:05.105  1070  1778 I NearbyDiscovery: Show notifications: 0 total, no changes since last shown, no-op. [CONTEXT service_id=49 ]
02-19 15:40:05.135   438   450 E installd: Couldn't opendir /data/app/vmdl1867045979.tmp: No such file or directory
02-19 15:40:05.135   438   450 E installd: Failed to delete /data/app/vmdl1867045979.tmp: No such file or directory
02-19 15:40:05.146  1726  1857 I abb     : oneway function results will be dropped but finished with status OK and parcel size 4
02-19 15:40:05.165   525   701 W BestClock: java.time.DateTimeException: Missing NTP fix
02-19 15:40:05.190   525   704 W LastMileLogger: Failed to stop event tracing: /sys/kernel/debug/tracing/instances/wifi/tracing_on: open failed: ENOENT (No such file or directory)
02-19 15:40:05.198   525   708 W BestClock: java.time.DateTimeException: Missing NTP fix
02-19 15:40:05.199  1376  1376 I MediaProvider: Invalidating LocalCallingIdentity cache for package eu.bitfunk.blueprint.mobile.android.app. Reason: package android.intent.action.PACKAGE_ADDED
02-19 15:40:05.203   525   708 W BestClock: java.time.DateTimeException: Missing NTP fix
02-19 15:40:05.212   525   708 I chatty  : uid=1000(system) ConnectivitySer identical 1 line
02-19 15:40:05.215   525   708 W BestClock: java.time.DateTimeException: Missing NTP fix
02-19 15:40:05.233   525   635 I InputReader: Reconfiguring input devices, changes=KEYBOARD_LAYOUTS | 
02-19 15:40:05.243   756   756 V AvrcpMediaPlayerList: mPackageChangedBroadcastReceiver: action: android.intent.action.PACKAGE_ADDED
02-19 15:40:05.243   756   756 D AvrcpMediaPlayerList: Name of package changed: eu.bitfunk.blueprint.mobile.android.app
02-19 15:40:05.298   525  1438 D WifiMemoryStoreImpl: Set cluster G3bdfdb093f798359 for W31d9044d21a0c4cb: SUCCESS
02-19 15:40:05.314   525   701 W BestClock: java.time.DateTimeException: Missing NTP fix
02-19 15:40:05.336   776  1633 I PermissionControllerServiceImpl: Updating user sensitive for uid 10075
02-19 15:40:05.357   776  1266 W Role    : Cannot get ApplicationInfo for default holder: com.android.gallery3d
02-19 15:40:05.360   525   701 W BestClock: java.time.DateTimeException: Missing NTP fix
02-19 15:40:05.382   525   701 W BestClock: java.time.DateTimeException: Missing NTP fix
02-19 15:40:05.132   525   525 W Binder:525_C: type=1400 audit(0.0:31): avc: denied { getopt } for scontext=u:r:system_server:s0 tcontext=u:r:shell:s0 tclass=unix_stream_socket permissive=0
02-19 15:40:05.519   916   916 D CarrierSvcBindHelper: No carrier app for: 0
02-19 15:40:05.590   916   916 D CarrierConfigLoader: mHandler: 9 phoneId: 0
02-19 15:40:05.648  1070  1265 I GCoreUlr: Unbound from all signal providers.
02-19 15:40:05.668   525   535 I system_server: Background concurrent copying GC freed 55828(2904KB) AllocSpace objects, 24(1324KB) LOS objects, 49% free, 9361KB/18MB, paused 2.725ms total 561.061ms
02-19 15:40:05.706   776  1266 W Role    : Cannot get ApplicationInfo for default holder: com.android.dialer
02-19 15:40:05.747   525   708 W BestClock: java.time.DateTimeException: Missing NTP fix
02-19 15:40:05.748   525   701 W BestClock: java.time.DateTimeException: Missing NTP fix
02-19 15:40:05.799   525   701 W BestClock: java.time.DateTimeException: Missing NTP fix
02-19 15:40:05.800   525   708 W BestClock: java.time.DateTimeException: Missing NTP fix
02-19 15:40:05.864   525   571 W Searchables: No global search activity found
02-19 15:40:05.989   525   701 W BestClock: java.time.DateTimeException: Missing NTP fix
02-19 15:40:05.993   525   708 W BestClock: java.time.DateTimeException: Missing NTP fix
02-19 15:40:06.029   756   756 V AvrcpMediaPlayerList: mPackageChangedBroadcastReceiver: action: android.intent.action.PACKAGE_CHANGED
02-19 15:40:06.029   756   756 D AvrcpMediaPlayerList: Name of package changed: com.google.android.gsf
02-19 15:40:06.031   525   635 I InputReader: Reconfiguring input devices, changes=KEYBOARD_LAYOUTS | 
02-19 15:40:06.041   776  1633 I PermissionControllerServiceImpl: Updating user sensitive for uid 10057
02-19 15:40:05.132   525   525 W Binder:525_C: type=1400 audit(0.0:32): avc: denied { getopt } for scontext=u:r:system_server:s0 tcontext=u:r:shell:s0 tclass=unix_stream_socket permissive=0
02-19 15:40:06.079   916   916 D CarrierSvcBindHelper: No carrier app for: 0
02-19 15:40:06.168  1070  1070 D CompatibilityChangeReporter: Compat change id reported: 144027538; UID 10057; state: DISABLED
02-19 15:40:06.251  1070  1070 D CompatibilityChangeReporter: Compat change id reported: 148180766; UID 10057; state: ENABLED
02-19 15:40:06.263  1897  1898 I cmd     : oneway function results will be dropped but finished with status OK and parcel size 4
02-19 15:40:06.276   525   571 W Searchables: No global search activity found
02-19 15:40:06.302  1113  1251 E native  : filesystem.cc:93 Opening file /data/user/0/com.google.android.gms/files/AppDataSearch/main/cur/compact_status for read failed: No such file or directory
02-19 15:40:06.321   525  1454 D WifiMemoryStoreImpl: Set cluster G3bdfdb093f798359 for W3bdfdb093f798359: SUCCESS
02-19 15:40:06.322  1697  1709 W ndroid.keychai: Suspending all threads took: 15.228ms
02-19 15:40:06.333  1113  1251 I native  : permission-checker.cc:74 Creating PermissionChecker based on ACL with config_version 1 having 14 permissions defined.
02-19 15:40:06.346  1113  1251 W native  : words-map.cc:30 INVALID_ARGUMENT: Empty URI
02-19 15:40:06.346  1113  1251 W native  : words-map.cc:34 WordsMap was not properly initialized
02-19 15:40:06.354  1070  1778 E NearbyDiscovery: DiscoveryNearbyMessagesManager failed to background subscribe [CONTEXT service_id=49 ]
02-19 15:40:06.354  1070  1778 E NearbyDiscovery: java.util.concurrent.TimeoutException: Timed out waiting for Task
02-19 15:40:06.354  1070  1778 E NearbyDiscovery: 	at auct.a(:com.google.android.gms@201817022@20.18.17 (040700-311416286):22)
02-19 15:40:06.354  1070  1778 E NearbyDiscovery: 	at ahoi.a(:com.google.android.gms@201817022@20.18.17 (040700-311416286):23)
02-19 15:40:06.354  1070  1778 E NearbyDiscovery: 	at ahnz.run(:com.google.android.gms@201817022@20.18.17 (040700-311416286):3)
02-19 15:40:06.354  1070  1778 E NearbyDiscovery: 	at buwi.handleMessage(:com.google.android.gms@201817022@20.18.17 (040700-311416286):6)
02-19 15:40:06.354  1070  1778 E NearbyDiscovery: 	at android.os.Handler.dispatchMessage(Handler.java:106)
02-19 15:40:06.354  1070  1778 E NearbyDiscovery: 	at adxm.a(:com.google.android.gms@201817022@20.18.17 (040700-311416286):2)
02-19 15:40:06.354  1070  1778 E NearbyDiscovery: 	at adxm.dispatchMessage(:com.google.android.gms@201817022@20.18.17 (040700-311416286):14)
02-19 15:40:06.354  1070  1778 E NearbyDiscovery: 	at android.os.Looper.loop(Looper.java:223)
02-19 15:40:06.354  1070  1778 E NearbyDiscovery: 	at android.os.HandlerThread.run(HandlerThread.java:67)
02-19 15:40:06.383  1070  1070 W SystemServiceRegistry: No service published for: contexthub
02-19 15:40:06.418  1070  1070 W Settings: Setting airplane_mode_on has moved from android.provider.Settings.System to android.provider.Settings.Global, returning read-only value.
02-19 15:40:06.425  1376  1902 E StorageManager: Failed to set extended attributes for /storage/emulated/0/Android to set project id.: Permission denied
02-19 15:40:06.427  1376  1902 W MediaProvider: Failed to update quota type for /storage/emulated/0/Android
02-19 15:40:06.427  1376  1902 W MediaProvider: java.io.IOException: Failed to update quota type for /storage/emulated/0/Android
02-19 15:40:06.427  1376  1902 W MediaProvider: 	at android.os.storage.StorageManager.updateExternalStorageFileQuotaType(StorageManager.java:2512)
02-19 15:40:06.427  1376  1902 W MediaProvider: 	at com.android.providers.media.MediaProvider.updateQuotaTypeForFileInternal(MediaProvider.java:585)
02-19 15:40:06.427  1376  1902 W MediaProvider: 	at com.android.providers.media.MediaProvider.updateQuotaTypeForUri(MediaProvider.java:560)
02-19 15:40:06.427  1376  1902 W MediaProvider: 	at com.android.providers.media.MediaProvider.access$800(MediaProvider.java:222)
02-19 15:40:06.427  1376  1902 W MediaProvider: 	at com.android.providers.media.MediaProvider$3.lambda$onInsert$0(MediaProvider.java:611)
02-19 15:40:06.427  1376  1902 W MediaProvider: 	at com.android.providers.media.MediaProvider$3.lambda$onInsert$0$MediaProvider$3(Unknown Source:0)
02-19 15:40:06.427  1376  1902 W MediaProvider: 	at com.android.providers.media.-$$Lambda$MediaProvider$3$OA4Hj-5lam3D4oprnbu7ZpL-f_E.run(Unknown Source:10)
02-19 15:40:06.427  1376  1902 W MediaProvider: 	at android.os.Handler.handleCallback(Handler.java:938)
02-19 15:40:06.427  1376  1902 W MediaProvider: 	at android.os.Handler.dispatchMessage(Handler.java:99)
02-19 15:40:06.427  1376  1902 W MediaProvider: 	at android.os.Looper.loop(Looper.java:223)
02-19 15:40:06.427  1376  1902 W MediaProvider: 	at android.os.HandlerThread.run(HandlerThread.java:67)
02-19 15:40:06.433  1376  1902 E StorageManager: Failed to set extended attributes for /storage/emulated/0/Android/media to set project id.: Permission denied
02-19 15:40:06.433  1376  1902 W MediaProvider: Failed to update quota type for /storage/emulated/0/Android/media
02-19 15:40:06.433  1376  1902 W MediaProvider: java.io.IOException: Failed to update quota type for /storage/emulated/0/Android/media
02-19 15:40:06.433  1376  1902 W MediaProvider: 	at android.os.storage.StorageManager.updateExternalStorageFileQuotaType(StorageManager.java:2512)
02-19 15:40:06.433  1376  1902 W MediaProvider: 	at com.android.providers.media.MediaProvider.updateQuotaTypeForFileInternal(MediaProvider.java:585)
02-19 15:40:06.433  1376  1902 W MediaProvider: 	at com.android.providers.media.MediaProvider.updateQuotaTypeForUri(MediaProvider.java:560)
02-19 15:40:06.433  1376  1902 W MediaProvider: 	at com.android.providers.media.MediaProvider.access$800(MediaProvider.java:222)
02-19 15:40:06.433  1376  1902 W MediaProvider: 	at com.android.providers.media.MediaProvider$3.lambda$onInsert$0(MediaProvider.java:611)
02-19 15:40:06.433  1376  1902 W MediaProvider: 	at com.android.providers.media.MediaProvider$3.lambda$onInsert$0$MediaProvider$3(Unknown Source:0)
02-19 15:40:06.433  1376  1902 W MediaProvider: 	at com.android.providers.media.-$$Lambda$MediaProvider$3$OA4Hj-5lam3D4oprnbu7ZpL-f_E.run(Unknown Source:10)
02-19 15:40:06.433  1376  1902 W MediaProvider: 	at android.os.Handler.handleCallback(Handler.java:938)
02-19 15:40:06.433  1376  1902 W MediaProvider: 	at android.os.Handler.dispatchMessage(Handler.java:99)
02-19 15:40:06.433  1376  1902 W MediaProvider: 	at android.os.Looper.loop(Looper.java:223)
02-19 15:40:06.433  1376  1902 W MediaProvider: 	at android.os.HandlerThread.run(HandlerThread.java:67)
02-19 15:40:06.454  1903  1905 I cmd     : oneway function results will be dropped but finished with status OK and parcel size 4
02-19 15:40:06.477  1070  1163 I aneu    : No Heterodyne serving version in database [CONTEXT service_id=51 ]
02-19 15:40:06.534  1376  1789 I MediaProvider: Scanned external_primary due to REASON_MOUNTED, found 16 items in 885ms, 4 inserts 0 updates 0 deletes
02-19 15:40:06.546  1376  1789 I MediaProvider: End Intent { act=android.intent.action.MEDIA_MOUNTED dat=file:///storage/emulated/0 flg=0x5000010 cmp=com.android.providers.media.module/com.android.providers.media.MediaService (has extras) }
02-19 15:40:06.551  1376  1789 I MediaProvider: Begin Intent { act=android.intent.action.MEDIA_MOUNTED dat=file:///storage/emulated/0 flg=0x5000010 cmp=com.android.providers.media.module/com.android.providers.media.MediaService (has extras) }
02-19 15:40:06.559  1376  1789 W ModernMediaScanner: Failed to visit /system/media: java.nio.file.NoSuchFileException: /system/media
02-19 15:40:06.561  1376  1789 I MediaProvider: Scanned internal due to REASON_MOUNTED, found 0 items in 2ms, 0 inserts 0 updates 0 deletes
02-19 15:40:06.562  1376  1789 W ModernMediaScanner: Failed to visit /oem/media: java.nio.file.NoSuchFileException: /oem/media
02-19 15:40:06.564  1376  1789 I MediaProvider: Scanned internal due to REASON_MOUNTED, found 0 items in 2ms, 0 inserts 0 updates 0 deletes
02-19 15:40:06.565  1376  1789 W ModernMediaScanner: Failed to visit /product/media: java.nio.file.NoSuchFileException: /product/media
02-19 15:40:06.636  1070  1872 E GeofenceStateCache: Unable to load state, all registered geofences are lost.
02-19 15:40:06.662  1070  1070 I GeofencerStateMachine: sendWifiConnectivityChanged: connectivity=true
02-19 15:40:06.695   525  1913 I RecoverySystem: No recovery log file
02-19 15:40:06.697   525  1639 D SntpClient: request time failed: java.net.SocketTimeoutException: Poll timed out
02-19 15:40:06.697   525   870 W system_server: Long monitor contention with owner Thread-48 (1639) at boolean android.util.NtpTrustedTime.forceRefresh()(NtpTrustedTime.java:173) waiters=0 in boolean android.util.NtpTrustedTime.forceRefresh() for 1.717s
02-19 15:40:06.698   525  1639 E NtpTimeHelper: requestTime failed
02-19 15:40:06.736   156   156 I BpBinder: onLastStrongRef automatically unlinking death recipients: <uncached descriptor>
02-19 15:40:06.787  1070  1265 I GCoreUlr: DispatchingService ignoring Intent { act=android.net.wifi.WIFI_STATE_CHANGED flg=0x4000010 (has extras) } because ULR inactive
02-19 15:40:06.837  1070  1070 I GCoreUlr: Unbound from all signal providers.
02-19 15:40:06.837  1070  1070 I GCoreUlr: Stopping handler for UlrDispSvcFast
02-19 15:40:06.891  1413  1413 W .ims.rcsservic: Long monitor contention with owner Binder:1413_3 (1433) at boolean android.os.MessageQueue.enqueueMessage(android.os.Message, long)(MessageQueue.java:600) waiters=0 in android.os.Message android.os.MessageQueue.next() for 251ms
02-19 15:40:06.895  1413  1413 D NetworkSecurityConfig: No Network Security Config specified, using platform default
02-19 15:40:06.902  1200  1211 W d.process.acor: Suspending all threads took: 16.195ms
02-19 15:40:06.964  1113  1251 I Icing   : Version not set, assuming clear data. [CONTEXT service_id=21 ]
02-19 15:40:06.964  1113  1251 I Icing   : Clearing storage [CONTEXT service_id=21 ]
02-19 15:40:06.965  1113  1251 I Icing   : Clearing CorpusMap, ClientRegistry, Setting [CONTEXT service_id=21 ]
02-19 15:40:06.977   916   916 D CarrierConfigLoader: mHandler: 13 phoneId: 0
02-19 15:40:06.977   916   916 D CarrierConfigLoader: System unlocked
02-19 15:40:06.977   916   916 D CarrierConfigLoader: mHandler: 7 phoneId: 0
02-19 15:40:06.978   916   916 D CarrierConfigLoader: File not found: /data/user_de/0/com.android.phone/files/carrierconfig-com.android.carrierconfig-override-89014103211118510720-1.xml
02-19 15:40:06.981   916   916 D CarrierConfigLoader: Loaded config from XML. package=com.android.carrierconfig phoneId=0
02-19 15:40:06.981   916   916 D CarrierConfigLoader: mHandler: 5 phoneId: 0
02-19 15:40:06.992   916   916 D CarrierConfigLoader: mHandler: 16 phoneId: 0
02-19 15:40:06.993   916   916 D CarrierConfigLoader: Broadcast CARRIER_CONFIG_CHANGED for phone 0 simApplicationState 10
02-19 15:40:07.009   916   916 D CarrierConfigLoader: Broadcast CARRIER_CONFIG_CHANGED for phone 0, subId=1
02-19 15:40:07.075   525   525 D WifiService: ACTION_CARRIER_CONFIG_CHANGED, active subId: 1
02-19 15:40:07.095   916   916 D CarrierKeyDownloadManager: Carrier Config changed: android.telephony.action.CARRIER_CONFIG_CHANGED
02-19 15:40:07.127  1070  1248 W .gms.persisten: Accessing hidden method Landroid/net/ConnectivityManager;->isNetworkTypeMobile(I)Z (greylist-max-p, reflection, denied)
02-19 15:40:07.143   525   701 W BestClock: java.time.DateTimeException: Missing NTP fix
02-19 15:40:07.143   279   279 D Zygote  : Forked child process 1920
02-19 15:40:07.165  1920  1920 W droid.dynsyste: Unexpected CPU variant for X86 using defaults: x86
02-19 15:40:07.180  1170  1170 D CellBroadcastReceiver: onReceive Intent { act=android.telephony.action.CARRIER_CONFIG_CHANGED flg=0x15000010 cmp=com.android.cellbroadcastreceiver.module/com.android.cellbroadcastreceiver.CellBroadcastReceiver (has extras) }
02-19 15:40:07.181  1170  1170 D CellBroadcastReceiver: initializeSharedPreference
02-19 15:40:07.181  1170  1170 D CellBroadcastReceiver: Skip setting default values of shared preference.
02-19 15:40:07.182  1170  1170 D CellBroadcastReceiver: Default interval 2 did not change.
02-19 15:40:07.190  1170  1170 D CellBroadcastReceiver: disable launcher activity: com.android.cellbroadcastreceiver.CellBroadcastListLauncherActivity
02-19 15:40:07.197  1170  1170 D CellBroadcastReceiver: Start Cell Broadcast configuration.
02-19 15:40:07.269   395   418 I adbd    : jdwp connection from 1920
02-19 15:40:07.295   916   916 I Telephony: Carrier-config changed, checking for phone account updates.
02-19 15:40:07.296   916   916 D Telephony: TelecomAccountRegistry: handleCarrierConfigChange: subId=1, accountSubId=1
02-19 15:40:07.307   916   916 D Telephony: isEmergencyPreferredAccount: subId=1, activeData=1
02-19 15:40:07.307   916   916 D Telephony: isEmergencyPreferredAccount: Device does not require preference.
02-19 15:40:07.330  1170  1937 D CellBroadcastConfigService: Enable CellBroadcast on sub 1
02-19 15:40:07.349  1376  1789 I MediaProvider: Scanned internal due to REASON_MOUNTED, found 0 items in 785ms, 0 inserts 0 updates 0 deletes
02-19 15:40:07.372  1070  1070 I BeaconBle: Using BLE 'L' hardware layer [CONTEXT service_id=111 ]
02-19 15:40:07.400   916   916 I Telephony: isRttCurrentlySupported -- regular acct, hasVoiceAvailability: false
02-19 15:40:07.400   916   916 I Telephony:  isRttSupported: false
02-19 15:40:07.400   916   916 I Telephony:  isRoaming: false
02-19 15:40:07.400   916   916 I Telephony:  isOnWfc: false
02-19 15:40:07.436  1070  1771 D CompatibilityChangeReporter: Compat change id reported: 150935354; UID 10057; state: ENABLED
02-19 15:40:07.468   525   560 D WifiNl80211Manager: Scan result ready event
02-19 15:40:07.468   525   560 D WifiNative: Scan result ready event
02-19 15:40:07.480   525   585 W system_server: Long monitor contention with owner AlarmManager (631) at void com.android.server.power.PowerManagerService.acquireWakeLockInternal(android.os.IBinder, int, java.lang.String, java.lang.String, android.os.WorkSource, java.lang.String, int, int)(PowerManagerService.java:1329) waiters=0 in void com.android.server.power.PowerManagerService.handleSandman() for 126ms
02-19 15:40:07.481   525   704 W system_server: Long monitor contention with owner AlarmManager (631) at void com.android.server.AlarmManagerService$AlarmThread.run()(AlarmManagerService.java:4108) waiters=0 in void com.android.server.AlarmManagerService.setImpl(int, long, long, long, android.app.PendingIntent, android.app.IAlarmListener, java.lang.String, int, android.os.WorkSource, android.app.AlarmManager$AlarmClockInfo, int, java.lang.String) for 127ms
02-19 15:40:07.490  1070  1070 W Nearby  : Bind call too late - someone already tried to get: interface bvem [CONTEXT service_id=49 ]
02-19 15:40:07.510  1920  1920 I droid.dynsyste: The ClassLoaderContext is a special shared library.
02-19 15:40:07.511   525   563 E GnssLocationProvider: IGnssConfiguration setEsExtensionSec() failed.
02-19 15:40:07.511   525   563 E GnssConfiguration: Unable to set ES_EXTENSION_SEC: 0
02-19 15:40:07.519   525   708 W BestClock: java.time.DateTimeException: Missing NTP fix
02-19 15:40:07.538  1920  1920 D NetworkSecurityConfig: No Network Security Config specified, using platform default
02-19 15:40:07.539  1920  1920 D NetworkSecurityConfig: No Network Security Config specified, using platform default
02-19 15:40:07.550   525   701 W BestClock: java.time.DateTimeException: Missing NTP fix
02-19 15:40:07.561  1534  1534 D NetworkSecurityConfig: No Network Security Config specified, using platform default
02-19 15:40:07.593   916   916 I Telephony: reRegisterPstnPhoneAccount: subId: 1 - no change
02-19 15:40:07.598   916   916 D MultiSimSettingController: onCarrierConfigChanged phoneId 0 subId 1
02-19 15:40:07.598   916   916 D MultiSimSettingController: updateDefaults
02-19 15:40:07.600   916   916 D MultiSimSettingController: [updateDefaultValues] change: 0
02-19 15:40:07.631   916   916 D CarrierKeyDownloadManager: Carrier not enabled or invalid values
02-19 15:40:07.631   916   916 D CarrierKeyDownloadManager: Cleaning up existing renewal alarms
02-19 15:40:07.676   279   279 D Zygote  : Forked child process 1941
02-19 15:40:07.731  1941  1941 W com.android.nf: Unexpected CPU variant for X86 using defaults: x86
02-19 15:40:07.777   395   418 I adbd    : jdwp connection from 1941
02-19 15:40:07.797   916   916 D OtaspSimStateReceiver: Received intent: android.telephony.action.CARRIER_CONFIG_CHANGED
02-19 15:40:07.836   916   916 D OtaspSimStateReceiver: otasp activation not needed: no supported carrier
02-19 15:40:07.877  1941  1941 I com.android.nf: The ClassLoaderContext is a special shared library.
02-19 15:40:07.928  1910  1910 D AndroidRuntime: >>>>>> START com.android.internal.os.RuntimeInit uid 2000 <<<<<<
02-19 15:40:07.952   916   916 I VvmSimStateTracker: android.telephony.action.CARRIER_CONFIG_CHANGED
02-19 15:40:07.957   916   916 I VvmSimStateTracker: Service connected on ComponentInfo{com.android.phone/com.android.services.telephony.TelephonyConnectionService}, ***, UserHandle{0}
02-19 15:40:07.968   916   916 D TelephonyProvider: subIdString = 1 subId = 1
02-19 15:40:07.975  1910  1910 E libc    : Access denied finding property "persist.device_config.runtime_native_boot.profilebootclasspath"
02-19 15:40:07.976  1910  1910 E libc    : Access denied finding property "persist.device_config.runtime_native_boot.enable_apex_image"
02-19 15:40:07.976  1910  1910 I AndroidRuntime: Using default boot image
02-19 15:40:07.976  1910  1910 E libc    : Access denied finding property "persist.device_config.runtime_native_boot.disable_lock_profiling"
02-19 15:40:07.976  1910  1910 I AndroidRuntime: Leaving lock profiling enabled
02-19 15:40:07.977  1910  1910 E libc    : Access denied finding property "persist.device_config.runtime_native_boot.enable_generational_cc"
02-19 15:40:08.012  1910  1910 W app_process: Could not reserve sentinel fault page
02-19 15:40:08.012  1910  1910 I app_process: Core platform API reporting enabled, enforcing=false
02-19 15:40:08.099  1941  1941 D NetworkSecurityConfig: No Network Security Config specified, using platform default
02-19 15:40:08.099  1941  1941 D NetworkSecurityConfig: No Network Security Config specified, using platform default
02-19 15:40:08.108   916   916 I RemoteVvmTaskManager: No service to handle ACTION_START_CELL_SERVICE_CONNECTED, ignoring
02-19 15:40:08.157   776  1266 W Role    : Cannot get ApplicationInfo for default holder: com.android.gallery3d
02-19 15:40:08.188   525   635 I InputReader: Reconfiguring input devices, changes=KEYBOARD_LAYOUTS | 
02-19 15:40:08.190   756   756 V AvrcpMediaPlayerList: mPackageChangedBroadcastReceiver: action: android.intent.action.PACKAGE_CHANGED
02-19 15:40:08.190   756   756 D AvrcpMediaPlayerList: Name of package changed: com.android.nfc
02-19 15:40:08.220   525   525 D WifiService: Remove settings for package:com.android.nfc
02-19 15:40:08.221   525   704 D WifiConfigManager: Remove all networks for app ApplicationInfo{4dceb67 com.android.nfc}
02-19 15:40:08.228   776  1633 I PermissionControllerServiceImpl: Updating user sensitive for uid 1027
02-19 15:40:08.258   279   279 I Zygote  : Process 1941 exited due to signal 9 (Killed)
02-19 15:40:08.278   525   574 I libprocessgroup: Successfully killed process cgroup uid 1027 pid 1941 in 154ms
02-19 15:40:08.281   525   704 D WifiConfigStore: Writing to stores completed in 34 ms.
02-19 15:40:08.281   525   704 I PasspointManager: No app ops listener found for com.android.nfc
02-19 15:40:08.373  1376  1789 I MediaProvider: Scanned external_primary due to REASON_MOUNTED, found 16 items in 453ms, 0 inserts 0 updates 0 deletes
02-19 15:40:08.389   776   776 I AutoRevokePermissions: Parsed teamfood setting value: null
02-19 15:40:08.394   776   776 I AutoRevokePermissions: Parsed teamfood setting value: null
02-19 15:40:08.395   776   776 I AutoRevokePermissions: scheduleAutoRevokePermissions with frequency 1296000000ms and threshold 7776000000ms
02-19 15:40:08.398   776   776 I AutoRevokePermissions: user 0 is a profile owner. Running Auto Revoke.
02-19 15:40:08.399   776   776 I AutoRevokePermissions: Parsed teamfood setting value: null
02-19 15:40:08.399   916   916 D CarrierSvcBindHelper: No carrier app for: 0
02-19 15:40:08.457   776   776 I AutoRevokePermissions: onStartJob
02-19 15:40:08.468   776   776 I AutoRevokePermissions: Skipping auto revoke first run when scheduled by system
02-19 15:40:08.472   776  1266 W Role    : Cannot get ApplicationInfo for default holder: com.android.dialer
02-19 15:40:08.483   916   916 I VvmSimStateTracker: android.intent.action.BOOT_COMPLETED
02-19 15:40:08.487   525   563 D AlarmManagerService: Setting time of day to sec=1676821309
02-19 15:41:49.359  1376  1789 I MediaProvider: End Intent { act=android.intent.action.MEDIA_MOUNTED dat=file:///storage/emulated/0 flg=0x5000010 cmp=com.android.providers.media.module/com.android.providers.media.MediaService (has extras) }
02-19 15:41:49.401  1070  1082 I .gms.persisten: Background young concurrent copying GC freed 22797(1460KB) AllocSpace objects, 24(1264KB) LOS objects, 35% free, 4572KB/7067KB, paused 3.783ms total 1.018s
02-19 15:41:49.417  1070  1771 W Settings: Setting airplane_mode_on has moved from android.provider.Settings.System to android.provider.Settings.Global, returning read-only value.
02-19 15:41:49.418   916   916 I VvmSimStateTracker: Service connected on ComponentInfo{com.android.phone/com.android.services.telephony.TelephonyConnectionService}, ***, UserHandle{0}
02-19 15:41:49.502   916   916 I RemoteVvmTaskManager: No service to handle ACTION_START_CELL_SERVICE_CONNECTED, ignoring
02-19 15:41:49.542  1113  1736 I Auth    : [SupervisedAccountIntentOperation] onHandleIntent(): android.intent.action.PACKAGE_ADDED
02-19 15:41:49.545  1070  1968 W GCM     : Unexpected forwarded intent: Intent { act=android.intent.action.PACKAGE_ADDED dat=package:eu.bitfunk.blueprint.mobile.android.app.test flg=0x4000010 cmp=com.google.android.gms/.chimera.PersistentIntentOperationService (has extras) }
02-19 15:41:49.561   525  1970 I system_server: The ClassLoaderContext is a special shared library.
02-19 15:41:49.637   525  1970 I chatty  : uid=1000(system) BackgroundDexOp identical 4 lines
02-19 15:41:49.654   525  1970 I system_server: The ClassLoaderContext is a special shared library.
02-19 15:41:49.675  1376  1789 I MediaProvider: Begin Intent { act=android.intent.action.MEDIA_MOUNTED dat=file:///storage/emulated/0 flg=0x5000010 cmp=com.android.providers.media.module/com.android.providers.media.MediaService (has extras) }
02-19 15:41:49.679  1376  1789 W ModernMediaScanner: Failed to visit /system/media: java.nio.file.NoSuchFileException: /system/media
02-19 15:41:49.691  1113  1736 I Auth    : [SupervisedAccountIntentOperation] This operation is disabled
02-19 15:41:49.694   525  1970 I system_server: The ClassLoaderContext is a special shared library.
02-19 15:41:49.758   525  1970 I chatty  : uid=1000(system) BackgroundDexOp identical 2 lines
02-19 15:41:49.776   525  1970 I system_server: The ClassLoaderContext is a special shared library.
02-19 15:41:49.808  1113  1251 I Icing   : updateResources: need to parse abvr{com.google.android.gms} [CONTEXT service_id=21 ]
02-19 15:41:49.832   525  1970 I system_server: The ClassLoaderContext is a special shared library.
02-19 15:41:49.838   525  1970 I chatty  : uid=1000(system) BackgroundDexOp identical 1 line
02-19 15:41:49.843   525  1970 I system_server: The ClassLoaderContext is a special shared library.
02-19 15:41:49.857  1070  1771 W SystemServiceRegistry: No service published for: wifirtt
02-19 15:41:49.946   279   279 D Zygote  : Forked child process 1981
02-19 15:41:49.970   525  1970 I system_server: The ClassLoaderContext is a special shared library.
02-19 15:41:49.997  1981  1981 W m.android.shel: Unexpected CPU variant for X86 using defaults: x86
02-19 15:41:50.021   395   418 I adbd    : jdwp connection from 1981
02-19 15:41:50.025  1376  1789 I MediaProvider: Scanned internal due to REASON_MOUNTED, found 0 items in 346ms, 0 inserts 0 updates 0 deletes
02-19 15:41:50.027  1376  1789 W ModernMediaScanner: Failed to visit /oem/media: java.nio.file.NoSuchFileException: /oem/media
02-19 15:41:50.029  1376  1789 I MediaProvider: Scanned internal due to REASON_MOUNTED, found 0 items in 2ms, 0 inserts 0 updates 0 deletes
02-19 15:41:50.031  1376  1789 W ModernMediaScanner: Failed to visit /product/media: java.nio.file.NoSuchFileException: /product/media
02-19 15:41:50.054   525  1970 I system_server: The ClassLoaderContext is a special shared library.
02-19 15:41:50.064   525  1970 I chatty  : uid=1000(system) BackgroundDexOp identical 1 line
02-19 15:41:50.101   525  1970 I system_server: The ClassLoaderContext is a special shared library.
02-19 15:41:50.153   525  1970 I PackageDexOptimizer: Running dexopt (dexoptNeeded=1) on: /data/app/~~3OZ5aDQPzWqI3oYqL68g0A==/eu.bitfunk.blueprint.mobile.android.app-az0fOlmBP6wu_DH7O9WzhA==/base.apk pkg=eu.bitfunk.blueprint.mobile.android.app isa=x86 dexoptFlags=boot_complete,debuggable,public,enable_hidden_api_checks targetFilter=verify oatDir=/data/app/~~3OZ5aDQPzWqI3oYqL68g0A==/eu.bitfunk.blueprint.mobile.android.app-az0fOlmBP6wu_DH7O9WzhA==/oat classLoaderContext=PCL[]{}
02-19 15:41:50.230   438   450 V installd: DexInv: --- BEGIN '/data/app/~~3OZ5aDQPzWqI3oYqL68g0A==/eu.bitfunk.blueprint.mobile.android.app-az0fOlmBP6wu_DH7O9WzhA==/base.apk' ---
02-19 15:41:50.245  1981  1981 I m.android.shel: The ClassLoaderContext is a special shared library.
02-19 15:40:07.960  1910  1910 W app_process: type=1400 audit(0.0:34): avc: denied { read } for name="u:object_r:device_config_runtime_native_boot_prop:s0" dev="tmpfs" ino=448 scontext=u:r:shell:s0 tcontext=u:object_r:device_config_runtime_native_boot_prop:s0 tclass=file permissive=0
02-19 15:41:50.299  2000  2000 W dex2oat32: Unexpected CPU variant for X86 using defaults: x86
02-19 15:41:50.301  2000  2000 W dex2oat32: Mismatch between dex2oat instruction set features to use (ISA: X86 Feature string: -ssse3,-sse4.1,-sse4.2,-avx,-avx2,-popcnt) and those from CPP defines (ISA: X86 Feature string: ssse3,-sse4.1,-sse4.2,-avx,-avx2,-popcnt) for the command line:
02-19 15:41:50.301  2000  2000 W dex2oat32: /apex/com.android.art/bin/dex2oat32 --zip-fd=7 --zip-location=base.apk --input-vdex-fd=-1 --output-vdex-fd=9 --oat-fd=8 --oat-location=/data/app/~~3OZ5aDQPzWqI3oYqL68g0A==/eu.bitfunk.blueprint.mobile.android.app-az0fOlmBP6wu_DH7O9WzhA==/oat/x86/base.odex --instruction-set=x86 --instruction-set-variant=x86 --instruction-set-features=default --runtime-arg -Xbootclasspath:/apex/com.android.art/javalib/core-oj.jar:/apex/com.android.art/javalib/core-libart.jar:/apex/com.android.art/javalib/core-icu4j.jar:/apex/com.android.art/javalib/okhttp.jar:/apex/com.android.art/javalib/bouncycastle.jar:/apex/com.android.art/javalib/apache-xml.jar:/system/framework/framework.jar:/system/framework/ext.jar:/system/framework/telephony-common.jar:/system/framework/voip-common.jar:/system/framework/ims-common.jar:/system/framework/framework-atb-backward-compatibility.jar --runtime-arg -Xms64m --runtime-arg -Xmx512m --updatable-bcp-packages-file=/system/etc/updatable-bcp-packages.txt --resolve-startup-const-strings=true --max-image-block-size=524288 --compiler-filter=verify --swap-fd=10 --debuggable --classpath-dir=/data/app/~~3OZ5aDQPzWqI3oYqL68g0A==/eu.bitfunk.blueprint.mobile.android.app-az0fOlmBP6wu_DH7O9WzhA== --class-loader-context=PCL[]{} --generate-mini-debug-info --compact-dex-level=none --runtime-arg -Xtarget-sdk-version:33 --runtime-arg -Xhidden-api-policy:enabled --compilation-reason=boot
02-19 15:41:50.305  2000  2000 I dex2oat32: /apex/com.android.art/bin/dex2oat32 --input-vdex-fd=-1 --output-vdex-fd=9 --updatable-bcp-packages-file=/system/etc/updatable-bcp-packages.txt --resolve-startup-const-strings=true --max-image-block-size=524288 --compiler-filter=verify --debuggable --classpath-dir=/data/app/~~3OZ5aDQPzWqI3oYqL68g0A==/eu.bitfunk.blueprint.mobile.android.app-az0fOlmBP6wu_DH7O9WzhA== --class-loader-context=PCL[]{} --generate-mini-debug-info --compact-dex-level=none --compilation-reason=boot
02-19 15:41:50.310  2000  2000 I dex2oat32: setting boot class path to /apex/com.android.art/javalib/core-oj.jar:/apex/com.android.art/javalib/core-libart.jar:/apex/com.android.art/javalib/core-icu4j.jar:/apex/com.android.art/javalib/okhttp.jar:/apex/com.android.art/javalib/bouncycastle.jar:/apex/com.android.art/javalib/apache-xml.jar:/system/framework/framework.jar:/system/framework/ext.jar:/system/framework/telephony-common.jar:/system/framework/voip-common.jar:/system/framework/ims-common.jar:/system/framework/framework-atb-backward-compatibility.jar
02-19 15:41:50.335  1981  1981 D NetworkSecurityConfig: No Network Security Config specified, using platform default
02-19 15:41:50.336  1981  1981 D NetworkSecurityConfig: No Network Security Config specified, using platform default
02-19 15:41:50.402  1070  1962 W .gms.persisten: Verification of boolean aanz.b(aaoc) took 142.973ms (6476.75 bytecodes/s) (15296B approximate peak alloc)
02-19 15:41:50.417  1981  1981 D HeapDumpReceiver: onReceive(): Intent { act=android.intent.action.BOOT_COMPLETED flg=0x89000010 cmp=com.android.shell/.HeapDumpReceiver (has extras) }
02-19 15:41:50.431  1981  2003 D HeapDumpReceiver: Deleting from /data/user_de/0/com.android.shell/files/heapdumps
02-19 15:41:50.525  1113  1253 W gle.android.gm: Long monitor contention with owner GoogleApiHandler (1651) at android.content.IContentProvider android.app.ActivityThread.acquireExistingProvider(android.content.Context, java.lang.String, int, boolean)(ActivityThread.java:6942) waiters=0 in boolean android.app.ActivityThread.releaseProvider(android.content.IContentProvider, boolean) for 428ms
02-19 15:41:50.526  1113  1251 W gle.android.gm: Long monitor contention with owner GoogleApiHandler (1651) at android.content.IContentProvider android.app.ActivityThread.acquireExistingProvider(android.content.Context, java.lang.String, int, boolean)(ActivityThread.java:6942) waiters=1 in boolean android.app.ActivityThread.releaseProvider(android.content.IContentProvider, boolean) for 428ms
02-19 15:41:50.539  1376  1789 I MediaProvider: Scanned internal due to REASON_MOUNTED, found 0 items in 508ms, 0 inserts 0 updates 0 deletes
02-19 15:40:07.972  1910  1910 W app_process: type=1400 audit(0.0:35): avc: denied { read } for name="u:object_r:device_config_runtime_native_boot_prop:s0" dev="tmpfs" ino=448 scontext=u:r:shell:s0 tcontext=u:object_r:device_config_runtime_native_boot_prop:s0 tclass=file permissive=0
02-19 15:41:50.586   916   916 I m.android.phon: The ClassLoaderContext is a special shared library.
02-19 15:41:50.639  1910  1910 D app_process: Time zone APEX ICU file found: /apex/com.android.tzdata/etc/icu/icu_tzdata.dat
02-19 15:41:50.639  1910  1910 D app_process: I18n APEX ICU file found: /apex/com.android.i18n/etc/icu/icudt66l.dat
02-19 15:41:50.649  1910  1910 W app_process: Unexpected CPU variant for X86 using defaults: x86
02-19 15:41:50.677   916   916 D NetworkSecurityConfig: No Network Security Config specified, using platform default
02-19 15:41:50.677   916   916 W nsconfig: com.android.phone: New config does not match the previously set config.
02-19 15:41:50.705  1113  1736 I ChromeSync: [Sync,SyncIntentOperation] Handling the intent: Intent { act=android.intent.action.PACKAGE_ADDED dat=package:eu.bitfunk.blueprint.mobile.android.app.test flg=0x4000010 cmp=com.google.android.gms/.chimera.GmsIntentOperationService (has extras) }.
02-19 15:41:50.729  1113  1971 I FontsPackageChangeOp: Package eu.bitfunk.blueprint.mobile.android.app.test has no metadata
02-19 15:41:50.780   525   571 W Searchables: No global search activity found
02-19 15:41:50.790  1910  1910 I app_process: The ClassLoaderContext is a special shared library.
02-19 15:41:50.824  1070  1968 I Fitness : OnPackageChangedOperation got intent: Intent { act=android.intent.action.PACKAGE_CHANGED dat=package:com.google.android.gsf flg=0x45000010 cmp=com.google.android.gms/.chimera.PersistentIntentOperationService (has extras) } [CONTEXT service_id=17 ]
02-19 15:41:50.955  1910  1910 W app_process: JNI RegisterNativeMethods: attempt to register 0 native methods for android.media.AudioAttributes
02-19 15:41:50.962   279   279 D Zygote  : Forked child process 2020
02-19 15:41:50.980  1910  1910 D AndroidRuntime: Calling main entry com.android.commands.am.Am
02-19 15:41:51.014  2020  2020 W android.traceu: Unexpected CPU variant for X86 using defaults: x86
02-19 15:41:51.047  1070  2017 I Fitness : FitCleanupIntentOperation received Intent android.intent.action.PACKAGE_CHANGED [CONTEXT service_id=17 ]
02-19 15:40:07.972  1910  1910 W app_process: type=1400 audit(0.0:36): avc: denied { read } for name="u:object_r:device_config_runtime_native_boot_prop:s0" dev="tmpfs" ino=448 scontext=u:r:shell:s0 tcontext=u:object_r:device_config_runtime_native_boot_prop:s0 tclass=file permissive=0
02-19 15:41:51.265  1113  1651 E GmsClient: unable to connect to service: com.google.android.gms.auth.key.retrieval.service.START on com.google.android.gms
02-19 15:41:51.352  1376  1789 I MediaProvider: Scanned external_primary due to REASON_MOUNTED, found 16 items in 638ms, 0 inserts 0 updates 0 deletes
02-19 15:41:51.357  1376  1789 I MediaProvider: End Intent { act=android.intent.action.MEDIA_MOUNTED dat=file:///storage/emulated/0 flg=0x5000010 cmp=com.android.providers.media.module/com.android.providers.media.MediaService (has extras) }
02-19 15:41:51.408   525   571 W Searchables: No global search activity found
02-19 15:41:51.410   279   279 D Zygote  : Forked child process 2049
02-19 15:41:51.442  2049  2049 I ile.android.ap: Late-enabling -Xcheck:jni
02-19 15:41:51.578   395   418 I adbd    : jdwp connection from 2020
02-19 15:41:51.583  2049  2049 I ile.android.ap: Unquickening 12 vdex files!
02-19 15:41:51.594  2049  2049 W ile.android.ap: Unexpected CPU variant for X86 using defaults: x86
02-19 15:41:51.633  1070  1862 I NearbyMessages: OfflineCache: old scanner cache is not enabled [CONTEXT service_id=62 ]
02-19 15:41:51.697  2020  2020 D ApplicationLoaders: Returning zygote-cached class loader: /system/framework/android.test.base.jar
02-19 15:41:51.704   395   418 I adbd    : jdwp connection from 2049
02-19 15:41:51.715  1070  1969 I Fitness : FitCleanupIntentOperation received Intent android.intent.action.PACKAGE_CHANGED [CONTEXT service_id=17 ]
02-19 15:41:51.727  1113  2027 W gle.android.gm: Long monitor contention with owner main (1113) at android.os.Message android.os.MessageQueue.next()(MessageQueue.java:364) waiters=1 in void android.os.MessageQueue.removeMessages(android.os.Handler, java.lang.Runnable, java.lang.Object) for 222ms
02-19 15:41:51.749  1113  1125 I gle.android.gm: Background young concurrent copying GC freed 18512(1279KB) AllocSpace objects, 29(1348KB) LOS objects, 29% free, 4398KB/6266KB, paused 3.623ms total 1.017s
02-19 15:41:51.754  2020  2020 I android.traceu: The ClassLoaderContext is a special shared library.
02-19 15:41:51.771  1070  1716 I Fitness : OnPackageChangedOperation got intent: Intent { act=android.intent.action.PACKAGE_CHANGED dat=package:com.android.nfc flg=0x5000010 cmp=com.google.android.gms/.chimera.PersistentIntentOperationService (has extras) } [CONTEXT service_id=17 ]
02-19 15:40:07.972  1910  1910 W app_process: type=1400 audit(0.0:37): avc: denied { read } for name="u:object_r:device_config_runtime_native_boot_prop:s0" dev="tmpfs" ino=448 scontext=u:r:shell:s0 tcontext=u:object_r:device_config_runtime_native_boot_prop:s0 tclass=file permissive=0
02-19 15:41:51.825  1113  1736 I ChromeSync: [Persistence,AffiliationManager] One of affiliation or grouping data for android://aF6g5D-LNT7NghT7sby9jY0kN6ZLoRl_GpVfkt6IkTtYZYsBs8uVzBIeAfvN0fu3hGP17lzRwsA04pqc3Uf8sA==@eu.bitfunk.blueprint.mobile.android.app.test/ was not found. Marking affiliation data as stale...
02-19 15:41:51.885  2020  2020 D NetworkSecurityConfig: No Network Security Config specified, using platform default
02-19 15:41:51.886  2020  2020 D NetworkSecurityConfig: No Network Security Config specified, using platform default
02-19 15:41:51.902  1070  1248 I NetworkScheduler: Using standalone scheduling engine
02-19 15:41:52.007  1070  1862 W NearbyMessages: Runnable[subscribe] was delayed for 00:03.820 [CONTEXT service_id=62 ]
02-19 15:41:52.027  2049  2049 I ile.android.ap: The ClassLoaderContext is a special shared library.
02-19 15:41:52.100  2049  2049 I chatty  : uid=10075(eu.bitfunk.blueprint.mobile.android.app) identical 1 line
02-19 15:41:52.102  2049  2049 I ile.android.ap: The ClassLoaderContext is a special shared library.
02-19 15:41:52.112  1113  2027 I Auth    : [SupervisedAccountIntentOperation] onHandleIntent(): android.intent.action.PACKAGE_ADDED
02-19 15:41:52.112  1113  2027 I Auth    : [SupervisedAccountIntentOperation] This operation is disabled
02-19 15:41:52.113  1113  2027 I ChromeSync: [Sync,SyncIntentOperation] Handling the intent: Intent { act=android.intent.action.PACKAGE_ADDED dat=package:eu.bitfunk.blueprint.mobile.android.app flg=0x4000010 cmp=com.google.android.gms/.chimera.GmsIntentOperationService (has extras) }.
02-19 15:41:52.120  1113  2019 I FontsPackageChangeOp: Package eu.bitfunk.blueprint.mobile.android.app has no metadata
02-19 15:41:52.258  1113  2027 I ChromeSync: [Persistence,AffiliationManager] One of affiliation or grouping data for android://aF6g5D-LNT7NghT7sby9jY0kN6ZLoRl_GpVfkt6IkTtYZYsBs8uVzBIeAfvN0fu3hGP17lzRwsA04pqc3Uf8sA==@eu.bitfunk.blueprint.mobile.android.app/ was not found. Marking affiliation data as stale...
02-19 15:41:52.287   525   635 I InputReader: Reconfiguring input devices, changes=KEYBOARD_LAYOUTS | 
02-19 15:41:52.318   756   756 V AvrcpMediaPlayerList: mPackageChangedBroadcastReceiver: action: android.intent.action.PACKAGE_CHANGED
02-19 15:41:52.355   525   635 I InputReader: Reconfiguring input devices, changes=KEYBOARD_LAYOUTS | 
02-19 15:41:52.358   756   756 D AvrcpMediaPlayerList: Name of package changed: com.android.stk
02-19 15:41:52.359   756   756 V AvrcpMediaPlayerList: mPackageChangedBroadcastReceiver: action: android.intent.action.PACKAGE_CHANGED
02-19 15:41:52.359   756   756 D AvrcpMediaPlayerList: Name of package changed: com.android.traceur
02-19 15:41:52.417  1070  1962 W GCM     : Unexpected forwarded intent: Intent { act=android.intent.action.PACKAGE_ADDED dat=package:eu.bitfunk.blueprint.mobile.android.app.test flg=0x4000010 cmp=com.google.android.gms/.chimera.PersistentIntentOperationService (has extras) }
02-19 15:41:52.470  1070  1962 W GCM     : Unexpected forwarded intent: Intent { act=android.intent.action.PACKAGE_ADDED dat=package:eu.bitfunk.blueprint.mobile.android.app flg=0x4000010 cmp=com.google.android.gms/.chimera.PersistentIntentOperationService (has extras) }
02-19 15:41:52.473  1070  1962 W GCM     : Unexpected forwarded intent: Intent { act=android.intent.action.PACKAGE_ADDED dat=package:eu.bitfunk.blueprint.mobile.android.app flg=0x4000010 cmp=com.google.android.gms/.chimera.PersistentIntentOperationService (has extras) }
02-19 15:41:52.563   916   916 D CarrierSvcBindHelper: No carrier app for: 0
02-19 15:41:52.657   525   870 D SntpClient: request time failed: java.net.SocketTimeoutException: Poll timed out
02-19 15:41:52.690  1070  1882 I NearbyMediums: BluetoothAdapter's name was not set by Nearby Connections, ignoring call to restore device name [CONTEXT service_id=54 ]
02-19 15:41:52.704  1113  2027 I ChimeraCfgMgr: Sending com.google.android.chimera.IntentOperation.NEW_MODULE Intents: 2,true,true
02-19 15:41:52.755  1113  1125 I gle.android.gm: Background concurrent copying GC freed 32793(1976KB) AllocSpace objects, 6(248KB) LOS objects, 49% free, 4377KB/8754KB, paused 1.524ms total 494.408ms
02-19 15:41:52.756   525   535 I system_server: Background young concurrent copying GC freed 147248(7687KB) AllocSpace objects, 28(1688KB) LOS objects, 41% free, 10MB/18MB, paused 36.058ms total 660.859ms
02-19 15:41:52.811   916   916 D CarrierSvcBindHelper: No carrier app for: 0
02-19 15:41:52.921  1113  2009 D SharedPreferencesImpl: Time required to fsync /data/user_de/0/com.google.android.gms/shared_prefs/gservices-direboot-cache.xml: [<1: 0, <2: 0, <4: 0, <8: 0, <16: 0, <32: 0, <64: 0, <128: 0, <256: 0, <512: 1, <1024: 0, <2048: 0, <4096: 0, <8192: 0, <16384: 0, >=16384: 0]
02-19 15:41:53.003   776  1112 I PermissionControllerServiceImpl: Updating user sensitive for uid 1001
02-19 15:41:53.005   776  1112 I PermissionControllerServiceImpl: Updating user sensitive for uid 10053
02-19 15:41:53.109   776  1266 W Role    : Cannot get ApplicationInfo for default holder: com.android.gallery3d
02-19 15:41:53.341  1070  1082 I .gms.persisten: Background concurrent copying GC freed 35686(1923KB) AllocSpace objects, 4(208KB) LOS objects, 49% free, 5033KB/10067KB, paused 191.232ms total 716.844ms
02-19 15:41:53.380  1070  1084 W System  : A resource failed to call close. 
02-19 15:41:53.393   776  1266 W Role    : Cannot get ApplicationInfo for default holder: com.android.dialer
02-19 15:41:53.690   776  1266 W Role    : Cannot get ApplicationInfo for default holder: com.android.gallery3d
02-19 15:41:53.697   756   756 V AvrcpMediaPlayerList: mPackageChangedBroadcastReceiver: action: android.intent.action.PACKAGE_CHANGED
02-19 15:41:53.697   756   756 D AvrcpMediaPlayerList: Name of package changed: com.google.android.gms
02-19 15:41:53.712  2049  2063 I ile.android.ap: Background young concurrent copying GC freed 15311(699KB) AllocSpace objects, 0(0B) LOS objects, 93% free, 1693KB/25MB, paused 1.655ms total 124.408ms
02-19 15:41:53.823   525   635 I InputReader: Reconfiguring input devices, changes=KEYBOARD_LAYOUTS | 
02-19 15:41:53.895   776  1266 W Role    : Cannot get ApplicationInfo for default holder: com.android.dialer
02-19 15:41:53.908   776  1112 I PermissionControllerServiceImpl: Updating user sensitive for uid 10057
02-19 15:41:53.932   916   916 D CarrierSvcBindHelper: No carrier app for: 0
02-19 15:41:53.933   525   571 W Searchables: No global search activity found
02-19 15:41:53.994  1070  1596 I BeaconBle: Client requested scan, settings=BleSettings [scanMode=LOW_LATENCY, callbackType=ALL_MATCHES, reportDelayMillis=0, 5 filters, 1 clients, callingClientName=Nearby] [CONTEXT service_id=111 ]
02-19 15:41:54.006  1070  1771 W Settings: Setting airplane_mode_on has moved from android.provider.Settings.System to android.provider.Settings.Global, returning read-only value.
02-19 15:41:54.061  1113  1253 W gle.android.gm: Long monitor contention with owner [com.google.android.gms.chimera.GmsIntentOperationService$ChimeraService-Executor] processing qgf for action android.intent.action.BOOT_COMPLETED (2027) at cxe ctb.a(csv)(:com.google.android.gms@201817022@20.18.17 (040700-311416286):79) waiters=0 in cxe ctb.a(csv) for 1.373s
02-19 15:41:54.113   525   571 W Searchables: No global search activity found
02-19 15:41:54.189  1113  2027 E PhenotypeRegOp: Attempting to overwrite config package for com.google.android.gms.car [CONTEXT service_id=231 ]
02-19 15:41:54.255  1070  2093 W ProviderHelper: Unknown dynamite feature providerinstaller
02-19 15:41:54.310  1070  2093 I DynamiteModule: Considering local module providerinstaller:0 and remote module providerinstaller:0
02-19 15:41:54.311  1070  2093 I DynamiteModule: Considering local module providerinstaller:0 and remote module providerinstaller:0
02-19 15:41:54.345  1113  2027 D libEGL  : loaded /vendor/lib/egl/libEGL_emulation.so
02-19 15:41:54.347  1113  2027 D libEGL  : loaded /vendor/lib/egl/libGLESv1_CM_emulation.so
02-19 15:41:54.371  1070  2093 I NetworkManagementSocketTagger: tagSocketFd(-1, 805307399, -1) failed with errno-9
02-19 15:41:54.378  1113  2027 D libEGL  : loaded /vendor/lib/egl/libGLESv2_emulation.so
02-19 15:41:54.453  1340  1352 I ocess.gservice: Background concurrent copying GC freed 21612(772KB) AllocSpace objects, 0(0B) LOS objects, 49% free, 2170KB/4341KB, paused 1.542ms total 123.489ms
02-19 15:41:54.474   525   571 W Searchables: No global search activity found
02-19 15:41:54.519  1113  2027 D HostConnection: HostConnection::get() New Host Connection established 0xee7c6360, tid 2027
02-19 15:41:54.568  1070  2076 W anjr    : Phenotype platform registration failed for com.google.android.gms.settings.platform [CONTEXT service_id=204 ]
