03-12 13:53:03.346  1079  1775 I Fitness : OnPackageChangedOperation got intent: Intent { act=android.intent.action.PACKAGE_CHANGED dat=package:com.google.android.gsf flg=0x45000010 cmp=com.google.android.gms/.chimera.PersistentIntentOperationService (has extras) } [CONTEXT service_id=17 ]
03-12 13:53:03.447  1079  2058 E GCM     : Missing checkin config file
03-12 13:53:03.500   723   958 I bt_stack: [INFO:gatt_api.cc(947)] GATT_Register 43caf849-593c-88f4-8fad-a75fa79282a0
03-12 13:53:03.501   723   958 I bt_stack: [INFO:gatt_api.cc(967)] allocated gatt_if=5
03-12 13:53:03.509  1079  1775 I Fitness : FitCleanupIntentOperation received Intent android.intent.action.PACKAGE_CHANGED [CONTEXT service_id=17 ]
03-12 13:53:03.509  1079  2083 I GCoreUlr: WorldUpdater received intent Intent { act=com.google.android.location.reporting.ACTION_UPDATE_WORLD cmp=com.google.android.gms/com.google.android.location.reporting.service.DispatchingService (has extras) } with receiverAction com.google.android.location.internal.server.ACTION_RESTARTED
03-12 13:53:03.511  1079  1340 D BluetoothLeScanner: onScannerRegistered() - status=0 scannerId=5 mScannerId=0
03-12 13:53:03.529  1079  2083 I GCoreUlr: WorldUpdater:com.google.android.location.internal.server.ACTION_RESTARTED: Ensuring that reporting is stopped because of reasons: (no Google accounts)
03-12 13:53:03.535  1079  2058 W GCM     : GCM FAILED TO INITIALIZE - missing checkin
03-12 13:53:03.539  1079  2083 I GCoreUlr: Unbound from all signal providers.
03-12 13:53:03.562  1079  2058 E GCM     : Missing checkin config file
03-12 13:53:03.562  1079  2058 W GCM     : GCM FAILED TO INITIALIZE - missing checkin
03-12 13:53:03.703  1079  1775 I Fitness : OnPackageChangedOperation got intent: Intent { act=android.intent.action.PACKAGE_CHANGED dat=package:com.android.nfc flg=0x5000010 cmp=com.google.android.gms/.chimera.PersistentIntentOperationService (has extras) } [CONTEXT service_id=17 ]
03-12 13:53:03.728   723  1377 W UnsafeUtil: platform method missing - proto runtime falling back to safer methods: java.lang.NoSuchMethodException: sun.misc.Unsafe.copyMemory [class java.lang.Object, long, class java.lang.Object, long, long]
03-12 13:53:03.808  1079  2058 E WakeLock: GCM_HB_ALARM release without a matched acquire!
03-12 13:53:03.808  1079  2058 W WakeLock: GCM_HB_ALARM counter does not exist
03-12 13:53:03.819  1079  1079 I GCoreUlr: Unbound from all signal providers.
03-12 13:53:03.819  1079  1079 I GCoreUlr: Stopping handler for UlrDispSvcFast
03-12 13:53:03.857  1079  1960 I Fitness : FitCleanupIntentOperation received Intent android.intent.action.PACKAGE_CHANGED [CONTEXT service_id=17 ]
03-12 13:53:03.889  1167  1786 I ChimeraCfgMgr: Sending com.google.android.chimera.IntentOperation.NEW_MODULE Intents: 2,true,true
03-12 13:53:03.931   723   723 V AvrcpMediaPlayerList: mPackageChangedBroadcastReceiver: action: android.intent.action.PACKAGE_CHANGED
03-12 13:53:03.932   723   723 D AvrcpMediaPlayerList: Name of package changed: com.android.stk
03-12 13:53:03.953   723   723 V AvrcpMediaPlayerList: mPackageChangedBroadcastReceiver: action: android.intent.action.PACKAGE_CHANGED
03-12 13:53:03.954   723   723 D AvrcpMediaPlayerList: Name of package changed: com.android.traceur
03-12 13:53:03.973  1079  2093 I NetworkManagementSocketTagger: tagSocketFd(-1, 805307399, -1) failed with errno-9
03-12 13:53:03.980   743  1550 W Role    : Cannot get ApplicationInfo for default holder: com.android.gallery3d
03-12 13:53:03.988   512   615 I InputReader: Reconfiguring input devices, changes=KEYBOARD_LAYOUTS | 
03-12 13:53:03.988   512   560 W Searchables: No global search activity found
03-12 13:53:03.990   512   615 I InputReader: Reconfiguring input devices, changes=KEYBOARD_LAYOUTS | 
03-12 13:53:04.043   512   560 W Searchables: No global search activity found
03-12 13:53:04.212   888   888 D CarrierSvcBindHelper: No carrier app for: 0
03-12 13:53:04.213   743   759 I PermissionControllerServiceImpl: Updating user sensitive for uid 1001
03-12 13:53:04.213   743   759 I PermissionControllerServiceImpl: Updating user sensitive for uid 10051
03-12 13:53:04.826   512   561 W system_server: Long monitor contention with owner Binder:512_6 (773) at int com.android.server.appop.AppOpsService.checkOperationUnchecked(int, int, java.lang.String, boolean)(AppOpsService.java:2887) waiters=0 in void com.android.server.appop.AppOpsService.updatePendingState(long, int) for 330ms
03-12 13:53:04.832  1079  2093 E GCM     : Missing checkin config file
03-12 13:53:04.837  1079  2093 W GCM     : GCM FAILED TO INITIALIZE - missing checkin
03-12 13:53:04.885   743  1550 W Role    : Cannot get ApplicationInfo for default holder: com.android.dialer
03-12 13:53:04.900  1079  2093 E GCM     : Missing checkin config file
03-12 13:53:04.901  1079  2093 W GCM     : GCM FAILED TO INITIALIZE - missing checkin
03-12 13:53:04.916  1079  2093 E WakeLock: GCM_HB_ALARM release without a matched acquire!
03-12 13:53:04.916  1079  2093 W WakeLock: GCM_HB_ALARM counter does not exist
03-12 13:53:04.921   837  1427 D NetworkMonitor/100: Forcing reevaluation for UID 10057. Dns signal count: 0
03-12 13:53:04.976   743  1550 W Role    : Cannot get ApplicationInfo for default holder: com.android.gallery3d
03-12 13:53:05.005   286   956 I bt      : system/bt/vendor_libs/test_vendor_lib/model/devices/scripted_beacon.cc:113 set_state: Events file not opened yet, for event: 2
03-12 13:53:05.010   286   956 I bt      : system/bt/vendor_libs/test_vendor_lib/model/devices/scripted_beacon.cc:113 set_state: Events file not opened yet, for event: 3
03-12 13:53:05.114   888   888 D CarrierSvcBindHelper: No carrier app for: 0
03-12 13:53:05.174  1079  1822 I NearbyMediums: BluetoothAdapter's name was not set by Nearby Connections, ignoring call to restore device name [CONTEXT service_id=54 ]
03-12 13:53:05.180  1079  1958 I Fitness : OnPackageChangedOperation got intent: Intent { act=android.intent.action.PACKAGE_CHANGED dat=package:com.android.stk flg=0x45000010 cmp=com.google.android.gms/.chimera.PersistentIntentOperationService (has extras) } [CONTEXT service_id=17 ]
03-12 13:53:05.214  1167  2022 D SharedPreferencesImpl: Time required to fsync /data/user_de/0/com.google.android.gms/shared_prefs/gservices-direboot-cache.xml: [<1: 0, <2: 0, <4: 0, <8: 0, <16: 0, <32: 0, <64: 0, <128: 0, <256: 0, <512: 0, <1024: 1, <2048: 0, <4096: 0, <8192: 0, <16384: 0, >=16384: 0]
03-12 13:53:05.391   837  2103 D NetworkMonitor/100: PROBE_DNS www.google.com 402ms OK 172.253.115.106,172.253.115.104,172.253.115.99,172.253.115.105,172.253.115.147,172.253.115.103,2607:f8b0:4004:c07::68,2607:f8b0:4004:c07::93,2607:f8b0:4004:c07::6a,2607:f8b0:4004:c07::67
03-12 13:53:05.431  1971  1999 I droid.dynsyste: WaitForGcToComplete blocked ProfileSaver on None for 142.884ms
03-12 13:53:05.445   837  2104 D NetworkMonitor/100: PROBE_DNS connectivitycheck.gstatic.com 466ms OK 142.251.167.94,2607:f8b0:4004:c1d::5e
03-12 13:53:05.482   512   773 W system_server: Long monitor contention with owner android.fg (552) at android.content.pm.ApplicationInfo com.android.server.pm.PackageManagerService.getApplicationInfoInternal(java.lang.String, int, int, int)(PackageManagerService.java:4971) waiters=0 in boolean com.android.server.pm.PackageManagerService$PackageManagerInternalImpl.isPermissionsReviewRequired(java.lang.String, int) for 104ms
03-12 13:53:05.514   743  1550 W Role    : Cannot get ApplicationInfo for default holder: com.android.dialer
03-12 13:53:05.645  1167  1221 D SharedPreferencesImpl: Time required to fsync /data/user/0/com.google.android.gms/shared_prefs/AppDataSearch-main-config.xml: [<1: 0, <2: 0, <4: 0, <8: 0, <16: 3, <32: 1, <64: 1, <128: 0, <256: 1, <512: 2, <1024: 0, <2048: 0, <4096: 0, <8192: 0, <16384: 0, >=16384: 0]
03-12 13:53:05.685   837  2104 D NetworkMonitor/100: PROBE_HTTP http://connectivitycheck.gstatic.com/generate_204 time=196ms ret=204 request={Connection=[close], User-Agent=[Mozilla/5.0 (X11; Linux x86_64) AppleWebKit/537.36 (KHTML, like Gecko) Chrome/60.0.3112.32 Safari/537.36]} headers={null=[HTTP/1.1 204 No Content], Connection=[close], Content-Length=[0], Cross-Origin-Resource-Policy=[cross-origin], Date=[Sun, 12 Mar 2023 13:53:06 GMT], X-Android-Received-Millis=[1678629185683], X-Android-Response-Source=[NETWORK 204], X-Android-Selected-Protocol=[http/1.1], X-Android-Sent-Millis=[1678629185556]}
03-12 13:53:05.731  1079  1961 I Fitness : OnPackageChangedOperation got intent: Intent { act=android.intent.action.PACKAGE_CHANGED dat=package:com.android.nfc flg=0x5000010 cmp=com.google.android.gms/.chimera.PersistentIntentOperationService (has extras) } [CONTEXT service_id=17 ]
03-12 13:53:05.738  1079  1958 I Fitness : FitCleanupIntentOperation received Intent android.intent.action.PACKAGE_CHANGED [CONTEXT service_id=17 ]
03-12 13:53:05.904   512   615 I InputReader: Reconfiguring input devices, changes=KEYBOARD_LAYOUTS | 
03-12 13:53:05.978   723   723 V AvrcpMediaPlayerList: mPackageChangedBroadcastReceiver: action: android.intent.action.PACKAGE_CHANGED
03-12 13:53:05.978   723   723 D AvrcpMediaPlayerList: Name of package changed: com.google.android.gms
03-12 13:53:05.986  1079  1775 W anjr    : Phenotype platform registration failed for com.google.android.gms.settings.platform [CONTEXT service_id=204 ]
03-12 13:53:05.986  1079  1775 W anjr    : java.util.concurrent.TimeoutException: Timed out waiting for Task
03-12 13:53:05.986  1079  1775 W anjr    : 	at auct.a(:com.google.android.gms@201817022@20.18.17 (040700-311416286):22)
03-12 13:53:05.986  1079  1775 W anjr    : 	at anjr.a(:com.google.android.gms@201817022@20.18.17 (040700-311416286):10)
03-12 13:53:05.986  1079  1775 W anjr    : 	at anjr.a(:com.google.android.gms@201817022@20.18.17 (040700-311416286):3)
03-12 13:53:05.986  1079  1775 W anjr    : 	at com.google.android.gms.platformconfigurator.PhenotypeConfigurationUpdateListener.d(:com.google.android.gms@201817022@20.18.17 (040700-311416286):2)
03-12 13:53:05.986  1079  1775 W anjr    : 	at com.google.android.gms.platformconfigurator.PhenotypeConfigurationUpdateListener.c(:com.google.android.gms@201817022@20.18.17 (040700-311416286):1)
03-12 13:53:05.986  1079  1775 W anjr    : 	at com.google.android.gms.platformconfigurator.PhenotypeConfigurationUpdateListener.onHandleIntent(:com.google.android.gms@201817022@20.18.17 (040700-311416286):16)
03-12 13:53:05.986  1079  1775 W anjr    : 	at com.google.android.chimera.IntentOperation.onHandleIntent(:com.google.android.gms@201817022@20.18.17 (040700-311416286):2)
03-12 13:53:05.986  1079  1775 W anjr    : 	at qgf.onHandleIntent(:com.google.android.gms@201817022@20.18.17 (040700-311416286):4)
03-12 13:53:05.986  1079  1775 W anjr    : 	at cui.run(:com.google.android.gms@201817022@20.18.17 (040700-311416286):5)
03-12 13:53:05.986  1079  1775 W anjr    : 	at cuh.run(:com.google.android.gms@201817022@20.18.17 (040700-311416286):9)
03-12 13:53:05.986  1079  1775 W anjr    : 	at java.util.concurrent.ThreadPoolExecutor.runWorker(ThreadPoolExecutor.java:1167)
03-12 13:53:05.986  1079  1775 W anjr    : 	at java.util.concurrent.ThreadPoolExecutor$Worker.run(ThreadPoolExecutor.java:641)
03-12 13:53:05.986  1079  1775 W anjr    : 	at java.lang.Thread.run(Thread.java:923)
03-12 13:53:06.009   512   560 W Searchables: No global search activity found
03-12 13:53:06.018   837  2103 D NetworkMonitor/100: PROBE_HTTPS https://www.google.com/generate_204 time=532ms ret=204 request={Connection=[close], User-Agent=[Mozilla/5.0 (X11; Linux x86_64) AppleWebKit/537.36 (KHTML, like Gecko) Chrome/60.0.3112.32 Safari/537.36]} headers={null=[HTTP/1.1 204 No Content], Alt-Svc=[h3=":443"; ma=2592000,h3-29=":443"; ma=2592000], Connection=[close], Content-Length=[0], Cross-Origin-Resource-Policy=[cross-origin], Date=[Sun, 12 Mar 2023 13:53:06 GMT], X-Android-Received-Millis=[1678629185996], X-Android-Response-Source=[NETWORK 204], X-Android-Selected-Protocol=[http/1.1], X-Android-Sent-Millis=[1678629185972]}
03-12 13:53:06.020   837  2102 D NetworkMonitor/100: isCaptivePortal: isSuccessful()=true isPortal()=false RedirectUrl=null isPartialConnectivity()=false Time=1083ms
03-12 13:53:06.053   888   888 D CarrierSvcBindHelper: No carrier app for: 0
03-12 13:53:06.115   743   760 I PermissionControllerServiceImpl: Updating user sensitive for uid 10057
03-12 13:53:06.212  1079  1091 I .gms.persisten: Background concurrent copying GC freed 56515(2762KB) AllocSpace objects, 2(104KB) LOS objects, 49% free, 5317KB/10MB, paused 3.175ms total 2.357s
03-12 13:53:06.238  1079  1958 I Fitness : OnPackageChangedOperation got intent: Intent { act=android.intent.action.PACKAGE_CHANGED dat=package:com.android.traceur flg=0x45000010 cmp=com.google.android.gms/.chimera.PersistentIntentOperationService (has extras) } [CONTEXT service_id=17 ]
03-12 13:53:06.246  1079  1958 I Fitness : FitCleanupIntentOperation received Intent android.intent.action.PACKAGE_CHANGED [CONTEXT service_id=17 ]
03-12 13:53:06.406  1079  1079 I GeofencerStateMachine: sendQueryLocationOptIn
03-12 13:53:06.528  1079  1882 W NearbyMessages: Runnable[subscribe] ran for 00:06.106 [CONTEXT service_id=62 ]
03-12 13:53:06.529  1079  1882 W NearbyMessages: Runnable[NearbyMessagesService.stopServiceIfIdle] was delayed for 00:03.832 [CONTEXT service_id=62 ]
03-12 13:53:06.682  1167  1270 W gle.android.gm: Long monitor contention with owner [com.google.android.gms.chimera.GmsIntentOperationService$ChimeraService-Executor] processing qgf for action android.intent.action.BOOT_COMPLETED (1786) at cxe ctb.a(csv)(:com.google.android.gms@201817022@20.18.17 (040700-311416286):79) waiters=0 in cxe ctb.a(csv) for 2.732s
03-12 13:53:06.708  1079  1960 I Fitness : FitCleanupIntentOperation received Intent android.intent.action.PACKAGE_CHANGED [CONTEXT service_id=17 ]
03-12 13:53:06.720  1079  1079 I GeofencerStateMachine: sendQueryLocationOptIn
03-12 13:53:06.848  1167  2022 E PhenotypeRegOp: Attempting to overwrite config package for com.google.android.gms.car [CONTEXT service_id=231 ]
03-12 13:53:06.854  1079  1822 I anhw    : Scheduling Phenotype for a PhenotypeSyncImmediately(6, com.google.android.gms.settings.platform) one off with window [1, 2] in seconds [CONTEXT service_id=51 ]
03-12 13:53:06.907  1079  1958 I Fitness : OnPackageChangedOperation got intent: Intent { act=android.intent.action.PACKAGE_CHANGED dat=package:com.google.android.gms flg=0x45000010 cmp=com.google.android.gms/.chimera.PersistentIntentOperationService (has extras) } [CONTEXT service_id=17 ]
03-12 13:53:06.931  1167  2022 D libEGL  : loaded /vendor/lib/egl/libEGL_emulation.so
03-12 13:53:06.944  1167  2022 D libEGL  : loaded /vendor/lib/egl/libGLESv1_CM_emulation.so
03-12 13:53:06.947  1167  2022 D libEGL  : loaded /vendor/lib/egl/libGLESv2_emulation.so
03-12 13:53:07.002  1079  1882 I NearbyMessages: ReportRpcManager:  Skipping some call, returning cached messages for beacon IDs and URLs: {} [CONTEXT service_id=62 ]
03-12 13:53:07.029  1079  1804 I anhw    : Scheduling Phenotype for a PhenotypeSyncImmediately(6, com.google.android.gms.settings.platform.boot) one off with window [1, 2] in seconds [CONTEXT service_id=51 ]
03-12 13:53:07.077  1167  2022 D HostConnection: HostConnection::get() New Host Connection established 0xf12a2de0, tid 2022
03-12 13:53:07.089  1079  2119 I Fitness : FitCleanupIntentOperation received Intent android.intent.action.PACKAGE_CHANGED [CONTEXT service_id=17 ]
03-12 13:53:07.146  1923  1923 W ile.android.ap: Accessing hidden method Landroid/app/Instrumentation;->execStartActivity(Landroid/content/Context;Landroid/os/IBinder;Landroid/os/IBinder;Landroid/app/Activity;Landroid/content/Intent;ILandroid/os/Bundle;)Landroid/app/Instrumentation$ActivityResult; (greylist, linking, allowed)
03-12 13:53:07.147  1923  1923 W ile.android.ap: Accessing hidden method Landroid/app/Instrumentation;->execStartActivity(Landroid/content/Context;Landroid/os/IBinder;Landroid/os/IBinder;Ljava/lang/String;Landroid/content/Intent;ILandroid/os/Bundle;)Landroid/app/Instrumentation$ActivityResult; (greylist, linking, allowed)
03-12 13:53:07.189  1167  2022 D HostConnection: HostComposition ext ANDROID_EMU_CHECKSUM_HELPER_v1 ANDROID_EMU_native_sync_v2 ANDROID_EMU_dma_v1 ANDROID_EMU_direct_mem ANDROID_EMU_host_composition_v1 ANDROID_EMU_host_composition_v2 ANDROID_EMU_vulkan ANDROID_EMU_deferred_vulkan_commands ANDROID_EMU_vulkan_null_optional_strings ANDROID_EMU_vulkan_create_resources_with_requirements ANDROID_EMU_YUV_Cache ANDROID_EMU_vulkan_ignored_handles ANDROID_EMU_has_shared_slots_host_memory_allocator ANDROID_EMU_vulkan_free_memory_sync ANDROID_EMU_vulkan_shader_float16_int8 ANDROID_EMU_vulkan_async_queue_submit ANDROID_EMU_sync_buffer_data ANDROID_EMU_vulkan_async_qsri ANDROID_EMU_read_color_buffer_dma GL_OES_EGL_image_external_essl3 GL_OES_vertex_array_object GL_KHR_texture_compression_astc_ldr ANDROID_EMU_host_side_tracing ANDROID_EMU_gles_max_version_3_0 
03-12 13:53:07.210   161   161 I hwservicemanager: getTransport: Cannot find entry android.hardware.configstore@1.0::ISurfaceFlingerConfigs/default in either framework or device manifest.
03-12 13:53:07.213  1167  2022 D EGL_emulation: eglCreateContext: 0xf1281970: maj 1 min 0 rcv 1
03-12 13:53:07.237  1167  1221 D SharedPreferencesImpl: Time required to fsync /data/user/0/com.google.android.gms/shared_prefs/AppDataSearch-main-config.xml: [<1: 0, <2: 0, <4: 0, <8: 0, <16: 3, <32: 1, <64: 1, <128: 0, <256: 1, <512: 3, <1024: 0, <2048: 0, <4096: 0, <8192: 0, <16384: 0, >=16384: 0]
03-12 13:53:07.240   512   522 I system_server: Background concurrent copying GC freed 126918(7325KB) AllocSpace objects, 37(2324KB) LOS objects, 49% free, 9217KB/18MB, paused 1.585ms total 1.176s
03-12 13:53:07.248  1167  2022 D EGL_emulation: eglMakeCurrent: 0xf1281970: ver 1 0 (tinfo 0xf15f0dd0) (first time)
03-12 13:53:07.249  1167  2022 D EGL_emulation: eglMakeCurrent: 0xf1281970: ver 1 0 (tinfo 0xf15f0dd0) (first time)
03-12 13:53:07.250  1079  1795 I GCoreUlr: WorldUpdater received intent Intent { act=com.google.android.location.reporting.ACTION_UPDATE_WORLD cmp=com.google.android.gms/com.google.android.location.reporting.service.DispatchingService (has extras) } with receiverAction android.location.PROVIDERS_CHANGED
03-12 13:53:07.271  1167  2022 D EGL_emulation: eglCreateContext: 0xf1281970: maj 3 min 0 rcv 3
03-12 13:53:07.332  1167  2022 E PhenotypeRegOp: Attempting to overwrite config package for com.google.android.gms.games [CONTEXT service_id=231 ]
03-12 13:53:07.334  1167  2022 E PhenotypeRegOp: Attempting to overwrite config package for com.google.android.gms.mobile_data_plan [CONTEXT service_id=231 ]
03-12 13:53:07.335  1167  2022 E PhenotypeRegOp: Attempting to overwrite config package for com.google.android.gms.signin [CONTEXT service_id=231 ]
03-12 13:53:07.357  1167  2022 E PhenotypeRegOp: Attempting to overwrite config package for com.google.android.gms.udc [CONTEXT service_id=231 ]
03-12 13:53:07.368  1923  1923 D NetworkSecurityConfig: No Network Security Config specified, using platform default
03-12 13:53:07.395  1923  1923 D NetworkSecurityConfig: No Network Security Config specified, using platform default
03-12 13:53:07.395  1923  1923 I MonitoringInstr: newApplication called!
03-12 13:53:07.417  1923  2054 I ile.android.ap: Waiting for a blocking GC ProfileSaver
03-12 13:53:07.497  2036  2056 I m.android.shel: Waiting for a blocking GC ProfileSaver
03-12 13:53:07.541  1923  2054 I ile.android.ap: WaitForGcToComplete blocked ProfileSaver on RunEmptyCheckpoint for 124.333ms
03-12 13:53:07.577  1079  1795 I GCoreUlr: WorldUpdater:android.location.PROVIDERS_CHANGED: Ensuring that reporting is stopped because of reasons: (no Google accounts)
03-12 13:53:07.583  1079  2118 W .gms.persisten: Long monitor contention with owner lowpool[5] (2079) at android.content.IContentProvider android.app.ActivityThread.acquireExistingProvider(android.content.Context, java.lang.String, int, boolean)(ActivityThread.java:6942) waiters=1 in android.content.IContentProvider android.app.ActivityThread.acquireExistingProvider(android.content.Context, java.lang.String, int, boolean) for 514ms
03-12 13:53:07.694  1923  1923 W ile.android.ap: Verification of java.util.List androidx.lifecycle.ProcessLifecycleInitializer.dependencies() took 149.913ms (33.35 bytecodes/s) (776B approximate peak alloc)
03-12 13:53:07.856  2036  2056 I m.android.shel: WaitForGcToComplete blocked ProfileSaver on ClassLinker for 358.299ms
03-12 13:53:07.897  1923  1923 W ile.android.ap: Verification of int kotlin.collections.CollectionsKt__CollectionsKt.binarySearchBy(java.util.List, java.lang.Comparable, int, int, kotlin.jvm.functions.Function1) took 167.513ms (137.30 bytecodes/s) (1096B approximate peak alloc)
03-12 13:53:08.028  1079  1823 I NearbyDiscovery: Show notifications: 0 total, no changes since last shown, no-op. [CONTEXT service_id=49 ]
03-12 13:53:08.276  1923  1923 W ile.android.ap: Verification of boolean androidx.collection.ArraySet.addAll(java.util.Collection) took 190.543ms (167.94 bytecodes/s) (1080B approximate peak alloc)
03-12 13:53:08.281  1079  1079 W .gms.persisten: Long monitor contention with owner NearbyDiscovery (1823) at void android.app.SharedPreferencesImpl.startReloadIfChangedUnexpectedly()(SharedPreferencesImpl.java:224) waiters=0 in void android.app.SharedPreferencesImpl.startReloadIfChangedUnexpectedly() for 211ms
03-12 13:53:08.327  2062  2082 I android.traceu: Waiting for a blocking GC ProfileSaver
03-12 13:53:08.404  2062  2082 I android.traceu: WaitForGcToComplete blocked ProfileSaver on ClassLinker for 76.597ms
03-12 13:53:08.431  2062  2074 I android.traceu: WaitForGcToComplete blocked RunEmptyCheckpoint on None for 22.673ms
03-12 13:53:08.449  1079  1804 E AsyncOperation: serviceID=51, operation=GetExperimentTokensOperationCall
03-12 13:53:08.449  1079  1804 E AsyncOperation: OperationException[Status{statusCode=No config packages for log source, or config package not registered, resolution=null}]
03-12 13:53:08.449  1079  1804 E AsyncOperation: 	at angh.a(:com.google.android.gms@201817022@20.18.17 (040700-311416286):92)
03-12 13:53:08.449  1079  1804 E AsyncOperation: 	at angh.a(:com.google.android.gms@201817022@20.18.17 (040700-311416286):77)
03-12 13:53:08.449  1079  1804 E AsyncOperation: 	at zus.run(:com.google.android.gms@201817022@20.18.17 (040700-311416286):10)
03-12 13:53:08.449  1079  1804 E AsyncOperation: 	at blot.run(:com.google.android.gms@201817022@20.18.17 (040700-311416286):2)
03-12 13:53:08.449  1079  1804 E AsyncOperation: 	at sji.b(:com.google.android.gms@201817022@20.18.17 (040700-311416286):12)
03-12 13:53:08.449  1079  1804 E AsyncOperation: 	at sji.run(:com.google.android.gms@201817022@20.18.17 (040700-311416286):7)
03-12 13:53:08.449  1079  1804 E AsyncOperation: 	at java.util.concurrent.ThreadPoolExecutor.runWorker(ThreadPoolExecutor.java:1167)
03-12 13:53:08.449  1079  1804 E AsyncOperation: 	at java.util.concurrent.ThreadPoolExecutor$Worker.run(ThreadPoolExecutor.java:641)
03-12 13:53:08.449  1079  1804 E AsyncOperation: 	at spj.run(:com.google.android.gms@201817022@20.18.17 (040700-311416286):0)
03-12 13:53:08.449  1079  1804 E AsyncOperation: 	at java.lang.Thread.run(Thread.java:923)
03-12 13:53:08.450  1923  1923 I MonitoringInstr: Instrumentation started!
03-12 13:53:08.528  1923  1923 I AndroidJUnitRunner: onCreate Bundle[{testTimeoutSeconds=31536000, additionalTestOutputDir=/sdcard/Android/media/eu.bitfunk.blueprint.mobile.android.app/additional_test_output}]
03-12 13:53:08.536  1923  1923 V TestEventClient: No service name argument was given (testDiscoveryService, testRunEventService or orchestratorService)
03-12 13:53:08.544  1923  2131 D AndroidJUnitRunner: onStart is called.
03-12 13:53:08.546  1923  1923 I MonitoringInstr: No JSBridge.
03-12 13:53:08.565  1079  1795 I GCoreUlr: Unbound from all signal providers.
03-12 13:53:08.614  1923  2131 D TestRequestBuilder: Using class path scanning to discover tests
03-12 13:53:08.615  1923  2131 I TestRequestBuilder: Scanning classpath to find tests in paths [/data/app/~~LTtcQvDyFSw-g7RAnNbeJA==/eu.bitfunk.blueprint.mobile.android.app.test-_CZ5lG_8v7NR4vj2H9xExw==/base.apk]
03-12 13:53:08.617  1923  2131 W ile.android.ap: Opening an oat file without a class loader. Are you using the deprecated DexFile APIs?
03-12 13:53:08.691  1079  1795 I GCoreUlr: DispatchingService ignoring Intent { act=android.net.wifi.WIFI_STATE_CHANGED flg=0x4000010 (has extras) } because ULR inactive
03-12 13:53:08.699  1079  1775 I anjv    : updateFromConfigurations using legacy put method [CONTEXT service_id=204 ]
03-12 13:53:08.812  1079  1795 I GCoreUlr: WorldUpdater received intent Intent { act=com.google.android.location.reporting.ACTION_UPDATE_WORLD cmp=com.google.android.gms/com.google.android.location.reporting.service.DispatchingService (has extras) } with receiverAction android.location.PROVIDERS_CHANGED
03-12 13:53:09.004  1079  1795 I GCoreUlr: WorldUpdater:android.location.PROVIDERS_CHANGED: Ensuring that reporting is stopped because of reasons: (no Google accounts)
03-12 13:53:09.145  1079  1653 I BeaconBle: Client requested scan, settings=BleSettings [scanMode=ZERO_POWER, callbackType=ALL_MATCHES, reportDelayMillis=0, 5 filters, 1 clients, callingClientName=Nearby] [CONTEXT service_id=111 ]
03-12 13:53:09.170  1079  1653 I BeaconBle: Stopping scan on delegate scanner. BT state: 12 [CONTEXT service_id=111 ]
03-12 13:53:09.170  1079  1653 D BluetoothAdapter: isLeEnabled(): ON
03-12 13:53:09.311  1079  1823 I NearbyDiscovery: Show notifications: 0 total, no changes since last shown, no-op. [CONTEXT service_id=49 ]
03-12 13:53:09.433  1079  1795 I GCoreUlr: Unbound from all signal providers.
03-12 13:53:09.460  1079  1079 I GCoreUlr: Unbound from all signal providers.
03-12 13:53:09.460  1079  1079 I GCoreUlr: Stopping handler for UlrDispSvcFast
03-12 13:53:09.466  1079  1653 I BeaconBle: Resetting - new scanner available: true [CONTEXT service_id=111 ]
03-12 13:53:09.471  1079  1653 I BeaconBle: ZERO_POWER is disabled. [CONTEXT service_id=111 ]
03-12 13:53:09.471  1079  1653 I BeaconBle: 'L' hardware scan: scan stopped, no powered clients [CONTEXT service_id=111 ]
03-12 13:53:10.029  1079  1653 I BeaconBle: Client requested scan, settings=BleSettings [scanMode=LOW_LATENCY, callbackType=ALL_MATCHES, reportDelayMillis=0, 5 filters, 1 clients, callingClientName=Nearby] [CONTEXT service_id=111 ]
03-12 13:53:10.081  1079  1653 I BeaconBle: 'L' hardware scan: 5 filters, scanMode=2, reportdelay=0, callback type=1, #clients=1, workSource=WorkSource{10057 com.google.android.gms} [CONTEXT service_id=111 ]
03-12 13:53:10.082  1079  1653 I BeaconBle: Starting scan on OS scanner. BT state: 12 [CONTEXT service_id=111 ]
03-12 13:53:10.082  1079  1653 D BluetoothAdapter: isLeEnabled(): ON
03-12 13:53:10.084   723   958 I bt_stack: [INFO:gatt_api.cc(947)] GATT_Register 616b3105-613d-a22c-a3f8-10fbea01b398
03-12 13:53:10.085   723   958 I bt_stack: [INFO:gatt_api.cc(967)] allocated gatt_if=5
03-12 13:53:10.085  1079  1340 D BluetoothLeScanner: onScannerRegistered() - status=0 scannerId=5 mScannerId=0
03-12 13:53:10.190  2062  2074 W android.traceu: Suspending all threads took: 11.867ms
03-12 13:53:10.367  1079  1823 E NearbyDiscovery: DiscoveryNearbyMessagesManager failed to background subscribe [CONTEXT service_id=49 ]
03-12 13:53:10.367  1079  1823 E NearbyDiscovery: java.util.concurrent.TimeoutException: Timed out waiting for Task
03-12 13:53:10.367  1079  1823 E NearbyDiscovery: 	at auct.a(:com.google.android.gms@201817022@20.18.17 (040700-311416286):22)
03-12 13:53:10.367  1079  1823 E NearbyDiscovery: 	at ahoi.a(:com.google.android.gms@201817022@20.18.17 (040700-311416286):23)
03-12 13:53:10.367  1079  1823 E NearbyDiscovery: 	at ahnz.run(:com.google.android.gms@201817022@20.18.17 (040700-311416286):3)
03-12 13:53:10.367  1079  1823 E NearbyDiscovery: 	at buwi.handleMessage(:com.google.android.gms@201817022@20.18.17 (040700-311416286):6)
03-12 13:53:10.367  1079  1823 E NearbyDiscovery: 	at android.os.Handler.dispatchMessage(Handler.java:106)
03-12 13:53:10.367  1079  1823 E NearbyDiscovery: 	at adxm.a(:com.google.android.gms@201817022@20.18.17 (040700-311416286):2)
03-12 13:53:10.367  1079  1823 E NearbyDiscovery: 	at adxm.dispatchMessage(:com.google.android.gms@201817022@20.18.17 (040700-311416286):14)
03-12 13:53:10.367  1079  1823 E NearbyDiscovery: 	at android.os.Looper.loop(Looper.java:223)
03-12 13:53:10.367  1079  1823 E NearbyDiscovery: 	at android.os.HandlerThread.run(HandlerThread.java:67)
03-12 13:53:10.407  1923  2131 W ScanningTestLoader: Could not load class: io.mockk.proxy.jvm.transformation.InliningClassTransformer
03-12 13:53:10.407  1923  2131 W ScanningTestLoader: java.lang.ClassNotFoundException: io.mockk.proxy.jvm.transformation.InliningClassTransformer
03-12 13:53:10.407  1923  2131 W ScanningTestLoader: 	at java.lang.Class.classForName(Native Method)
03-12 13:53:10.407  1923  2131 W ScanningTestLoader: 	at java.lang.Class.forName(Class.java:454)
03-12 13:53:10.407  1923  2131 W ScanningTestLoader: 	at androidx.test.internal.runner.ScanningTestLoader.doCreateRunner(ScanningTestLoader.java:45)
03-12 13:53:10.407  1923  2131 W ScanningTestLoader: 	at androidx.test.internal.runner.TestLoader.getRunnersFor(TestLoader.java:64)
03-12 13:53:10.407  1923  2131 W ScanningTestLoader: 	at androidx.test.internal.runner.TestRequestBuilder.build(TestRequestBuilder.java:835)
03-12 13:53:10.407  1923  2131 W ScanningTestLoader: 	at androidx.test.runner.AndroidJUnitRunner.buildRequest(AndroidJUnitRunner.java:650)
03-12 13:53:10.407  1923  2131 W ScanningTestLoader: 	at androidx.test.runner.AndroidJUnitRunner.onStart(AndroidJUnitRunner.java:418)
03-12 13:53:10.407  1923  2131 W ScanningTestLoader: 	at android.app.Instrumentation$InstrumentationThread.run(Instrumentation.java:2205)
03-12 13:53:10.407  1923  2131 W ScanningTestLoader: Caused by: java.lang.ClassNotFoundException: io.mockk.proxy.jvm.transformation.InliningClassTransformer
03-12 13:53:10.407  1923  2131 W ScanningTestLoader: 	at java.lang.VMClassLoader.findLoadedClass(Native Method)
03-12 13:53:10.407  1923  2131 W ScanningTestLoader: 	at java.lang.ClassLoader.findLoadedClass(ClassLoader.java:738)
03-12 13:53:10.407  1923  2131 W ScanningTestLoader: 	at java.lang.ClassLoader.loadClass(ClassLoader.java:363)
03-12 13:53:10.407  1923  2131 W ScanningTestLoader: 	at java.lang.ClassLoader.loadClass(ClassLoader.java:312)
03-12 13:53:10.407  1923  2131 W ScanningTestLoader: 	... 8 more
03-12 13:53:10.407  1923  2131 W ScanningTestLoader: Caused by: java.lang.NoClassDefFoundError: Failed resolution of: Ljava/lang/instrument/ClassFileTransformer;
03-12 13:53:10.407  1923  2131 W ScanningTestLoader: 	... 8 more
03-12 13:53:10.407  1923  2131 W ScanningTestLoader: Caused by: java.lang.ClassNotFoundException: Didn't find class "java.lang.instrument.ClassFileTransformer" on path: DexPathList[[zip file "/system/framework/android.test.runner.jar", zip file "/system/framework/android.test.mock.jar", zip file "/system/framework/android.test.base.jar", zip file "/data/app/~~LTtcQvDyFSw-g7RAnNbeJA==/eu.bitfunk.blueprint.mobile.android.app.test-_CZ5lG_8v7NR4vj2H9xExw==/base.apk", zip file "/data/app/~~pXefRIWrK8KcXq3QSu0ipg==/eu.bitfunk.blueprint.mobile.android.app-iuNMBHwCXclul1lvRQBAAA==/base.apk"],nativeLibraryDirectories=[/data/app/~~LTtcQvDyFSw-g7RAnNbeJA==/eu.bitfunk.blueprint.mobile.android.app.test-_CZ5lG_8v7NR4vj2H9xExw==/lib/x86, /data/app/~~pXefRIWrK8KcXq3QSu0ipg==/eu.bitfunk.blueprint.mobile.android.app-iuNMBHwCXclul1lvRQBAAA==/lib/x86, /system/lib, /system_ext/lib]]
03-12 13:53:10.407  1923  2131 W ScanningTestLoader: 	at dalvik.system.BaseDexClassLoader.findClass(BaseDexClassLoader.java:207)
03-12 13:53:10.407  1923  2131 W ScanningTestLoader: 	at java.lang.ClassLoader.loadClass(ClassLoader.java:379)
03-12 13:53:10.407  1923  2131 W ScanningTestLoader: 	at java.lang.ClassLoader.loadClass(ClassLoader.java:312)
03-12 13:53:10.407  1923  2131 W ScanningTestLoader: 	... 8 more
03-12 13:53:10.544  1079  1775 I anjv    : updateFromConfigurations using legacy put method [CONTEXT service_id=204 ]
03-12 13:53:10.632  1167  1221 I Icing   : Not sending global search app notification. Search app not installed or not signed properly. [CONTEXT service_id=21 ]
03-12 13:53:10.666  1167  1221 I Icing   : Internal init done: storage state 0 [CONTEXT service_id=21 ]
03-12 13:53:10.870  1167  1221 I Icing   : Indexing com.google.android.gms-sms from com.google.android.gms [CONTEXT service_id=21 ]
03-12 13:53:10.937  1079  1775 D SharedPreferencesImpl: Time required to fsync /data/user/0/com.google.android.gms/shared_prefs/platform_prefs.xml: [<1: 0, <2: 0, <4: 0, <8: 0, <16: 0, <32: 0, <64: 3, <128: 0, <256: 0, <512: 1, <1024: 0, <2048: 0, <4096: 0, <8192: 0, <16384: 0, >=16384: 0]
03-12 13:53:11.025  1923  2131 D AndroidJUnitRunner: Use the raw file system for managing file I/O.
03-12 13:53:11.118  1167  1816 I Icing   : IndexChimeraService.getServiceInterface callingPackage=com.google.android.gms componentName=AppsCorpus serviceId=36 [CONTEXT service_id=21 ]
03-12 13:53:11.145  1923  2131 D TestExecutor: Adding listener androidx.test.internal.runner.listener.LogRunListener
03-12 13:53:11.148  1923  2131 D TestExecutor: Adding listener androidx.test.internal.runner.listener.InstrumentationResultPrinter
03-12 13:53:11.148  1923  2131 D TestExecutor: Adding listener androidx.test.internal.runner.listener.ActivityFinisherRunListener
03-12 13:53:11.148  1923  2131 D TestExecutor: Adding listener androidx.test.internal.runner.listener.TraceRunListener
03-12 13:53:11.157  1923  2131 I TestRunner: run started: 1 tests
03-12 13:53:11.173  1923  2131 I TestRunner: started: useAppContext(eu.bitfunk.blueprint.mobile.android.app.ExampleInstrumentedTest)
03-12 13:53:11.209  1167  1297 I Icing   : IndexChimeraService.getServiceInterface callingPackage=com.google.android.gms componentName=IpaAppsCorpus serviceId=32 [CONTEXT service_id=21 ]
03-12 13:53:11.299   512  1619 D WifiNl80211Manager: Scan result ready event
03-12 13:53:11.299   512  1619 D WifiNative: Scan result ready event
03-12 13:53:11.669  1923  2131 I TestRunner: finished: useAppContext(eu.bitfunk.blueprint.mobile.android.app.ExampleInstrumentedTest)
03-12 13:53:11.690  1923  2131 I TestRunner: run finished: 1 tests, 0 failed, 0 ignored
03-12 13:53:11.820  1167  1816 I Icing   : IndexChimeraService.getServiceInterface callingPackage=com.google.android.gms componentName=null serviceId=30 [CONTEXT service_id=21 ]
03-12 13:53:11.938  1879  1879 D AndroidRuntime: Shutting down VM
03-12 13:53:12.061   279   279 I Zygote  : Process 1923 exited due to signal 9 (Killed)
03-12 13:53:12.068   512   563 I libprocessgroup: Successfully killed process cgroup uid 10075 pid 1923 in 237ms
03-12 13:53:12.078  1883  1883 W dex2oat32: Verification of void android.support.v4.os.ResultReceiver$MyRunnable.<init>(android.support.v4.os.ResultReceiver, int, android.os.Bundle) took 316.592ms (31.59 bytecodes/s) (888B approximate peak alloc)
03-12 13:53:12.112  1167  1221 I gle.android.gm: IncrementDisableThreadFlip blocked for 22.660ms
03-12 13:53:12.372  1167  1175 I gle.android.gm: Background young concurrent copying GC freed 54548(3396KB) AllocSpace objects, 45(2244KB) LOS objects, 45% free, 5646KB/10MB, paused 22.006ms total 554.554ms
03-12 13:53:12.470  1883  2148 W dex2oat32: Verification of int androidx.appcompat.graphics.drawable.DrawableContainer$DrawableContainerState.getConstantMinimumHeight() took 107.809ms (92.76 bytecodes/s) (816B approximate peak alloc)
03-12 13:53:12.596  1167  1786 E MagicTether: [MagicTetherInitializer] Invalid account list.
03-12 13:53:12.613  1167  1221 I Icing   : Indexing done com.google.android.gms-sms [CONTEXT service_id=21 ]
03-12 13:53:12.661  1167  1221 I Icing   : Indexing com.google.android.gms-apps from com.google.android.gms [CONTEXT service_id=21 ]
03-12 13:53:12.664  1167  1297 I Icing   : Query from package: com.google.android.gms, component: IpaAppsCorpus, restrict package: com.google.android.gms, start: 0, num: 100 maxNumSlices: 2147483647 [CONTEXT service_id=21 ]
03-12 13:53:12.681   512   560 W Searchables: No global search activity found
03-12 13:53:12.699   723   723 V AvrcpMediaPlayerList: mPackageChangedBroadcastReceiver: action: android.intent.action.PACKAGE_CHANGED
03-12 13:53:12.700   723   723 D AvrcpMediaPlayerList: Name of package changed: com.google.android.gms
03-12 13:53:12.700   512   615 I InputReader: Reconfiguring input devices, changes=KEYBOARD_LAYOUTS | 
03-12 13:53:12.710  1883  1883 W dex2oat32: Verification of void androidx.appcompat.widget.AbsActionBarView.dismissPopupMenus() took 149.696ms (53.44 bytecodes/s) (888B approximate peak alloc)
03-12 13:53:12.723   743  1550 W Role    : Cannot get ApplicationInfo for default holder: com.android.gallery3d
03-12 13:53:12.910   743  1550 W Role    : Cannot get ApplicationInfo for default holder: com.android.dialer
03-12 13:53:12.913  1167  1221 I Icing   : Indexing done com.google.android.gms-apps [CONTEXT service_id=21 ]
03-12 13:53:12.914  1167  1221 I Icing   : Indexing com.google.android.gms-contacts_contact_id from com.google.android.gms [CONTEXT service_id=21 ]
03-12 13:53:12.955   888   888 D CarrierSvcBindHelper: No carrier app for: 0
03-12 13:53:12.956   743   759 I PermissionControllerServiceImpl: Updating user sensitive for uid 10057
03-12 13:53:13.064  1079  1079 I GeofencerStateMachine: sendQueryLocationOptIn
03-12 13:53:13.094  1883  2148 W dex2oat32: Verification of void androidx.appcompat.widget.LinearLayoutCompat.measureHorizontal(int, int) took 223.748ms (7182.19 bytecodes/s) (24632B approximate peak alloc)
03-12 13:53:13.149  1079  1079 I GeofencerStateMachine: sendQueryLocationOptIn
03-12 13:53:13.206  1167  1221 I Icing   : Indexing done com.google.android.gms-contacts_contact_id [CONTEXT service_id=21 ]
03-12 13:53:13.207  1167  1221 I Icing   : Indexing com.google.android.gms-emails_data_id from com.google.android.gms [CONTEXT service_id=21 ]
03-12 13:53:13.211  1079  2117 I Fitness : OnPackageChangedOperation got intent: Intent { act=android.intent.action.PACKAGE_CHANGED dat=package:com.google.android.gms flg=0x45000010 cmp=com.google.android.gms/.chimera.PersistentIntentOperationService (has extras) } [CONTEXT service_id=17 ]
03-12 13:53:13.342  1079  2169 I Fitness : FitCleanupIntentOperation received Intent android.intent.action.PACKAGE_CHANGED [CONTEXT service_id=17 ]
03-12 13:53:13.355  1167  1221 I Icing   : Indexing done com.google.android.gms-emails_data_id [CONTEXT service_id=21 ]
03-12 13:53:13.357  1167  1221 I Icing   : Indexing com.google.android.gms-phones_data_id from com.google.android.gms [CONTEXT service_id=21 ]
===================
END_TIME: 2023-03-12 13:53:14.869
END_TIME-NANOS: 2023-03-12 13:53:14.869500000
DURATION: 19387ms
EXIT CODE: 143
