02-19 15:41:54.568  1070  2076 W anjr    : java.util.concurrent.TimeoutException: Timed out waiting for Task
02-19 15:41:54.568  1070  2076 W anjr    : 	at auct.a(:com.google.android.gms@201817022@20.18.17 (040700-311416286):22)
02-19 15:41:54.568  1070  2076 W anjr    : 	at anjr.a(:com.google.android.gms@201817022@20.18.17 (040700-311416286):10)
02-19 15:41:54.568  1070  2076 W anjr    : 	at anjr.a(:com.google.android.gms@201817022@20.18.17 (040700-311416286):3)
02-19 15:41:54.568  1070  2076 W anjr    : 	at com.google.android.gms.platformconfigurator.PhenotypeConfigurationUpdateListener.d(:com.google.android.gms@201817022@20.18.17 (040700-311416286):2)
02-19 15:41:54.568  1070  2076 W anjr    : 	at com.google.android.gms.platformconfigurator.PhenotypeConfigurationUpdateListener.c(:com.google.android.gms@201817022@20.18.17 (040700-311416286):1)
02-19 15:41:54.568  1070  2076 W anjr    : 	at com.google.android.gms.platformconfigurator.PhenotypeConfigurationUpdateListener.onHandleIntent(:com.google.android.gms@201817022@20.18.17 (040700-311416286):16)
02-19 15:41:54.568  1070  2076 W anjr    : 	at com.google.android.chimera.IntentOperation.onHandleIntent(:com.google.android.gms@201817022@20.18.17 (040700-311416286):2)
02-19 15:41:54.568  1070  2076 W anjr    : 	at qgf.onHandleIntent(:com.google.android.gms@201817022@20.18.17 (040700-311416286):4)
02-19 15:41:54.568  1070  2076 W anjr    : 	at cui.run(:com.google.android.gms@201817022@20.18.17 (040700-311416286):5)
02-19 15:41:54.568  1070  2076 W anjr    : 	at cuh.run(:com.google.android.gms@201817022@20.18.17 (040700-311416286):9)
02-19 15:41:54.568  1070  2076 W anjr    : 	at java.util.concurrent.ThreadPoolExecutor.runWorker(ThreadPoolExecutor.java:1167)
02-19 15:41:54.568  1070  2076 W anjr    : 	at java.util.concurrent.ThreadPoolExecutor$Worker.run(ThreadPoolExecutor.java:641)
02-19 15:41:54.568  1070  2076 W anjr    : 	at java.lang.Thread.run(Thread.java:923)
02-19 15:41:54.630  2049  2049 D ApplicationLoaders: Returning zygote-cached class loader: /system/framework/android.test.base.jar
02-19 15:41:54.631  2049  2049 D ApplicationLoaders: Returning zygote-cached class loader: /system/framework/android.test.base.jar
02-19 15:41:54.677  1070  1596 I BeaconBle: 'L' hardware scan: 5 filters, scanMode=2, reportdelay=0, callback type=1, #clients=1, workSource=WorkSource{10057 com.google.android.gms} [CONTEXT service_id=111 ]
02-19 15:41:54.678  1070  1596 I BeaconBle: Starting scan on OS scanner. BT state: 12 [CONTEXT service_id=111 ]
02-19 15:41:54.678  1070  1596 D BluetoothAdapter: isLeEnabled(): ON
02-19 15:41:54.709  2049  2049 I ile.android.ap: The ClassLoaderContext is a special shared library.
02-19 15:41:54.716  2049  2049 D ApplicationLoaders: Returning zygote-cached class loader: /system/framework/android.test.base.jar
02-19 15:41:54.716  2049  2049 D ApplicationLoaders: Returning zygote-cached class loader: /system/framework/android.test.base.jar
02-19 15:41:54.717  2049  2049 I ile.android.ap: The ClassLoaderContext is a special shared library.
02-19 15:41:54.720  2049  2049 I ile.android.ap: The ClassLoaderContext is a special shared library.
02-19 15:41:54.722  1113  2027 D HostConnection: HostComposition ext ANDROID_EMU_CHECKSUM_HELPER_v1 ANDROID_EMU_native_sync_v2 ANDROID_EMU_dma_v1 ANDROID_EMU_direct_mem ANDROID_EMU_host_composition_v1 ANDROID_EMU_host_composition_v2 ANDROID_EMU_vulkan ANDROID_EMU_deferred_vulkan_commands ANDROID_EMU_vulkan_null_optional_strings ANDROID_EMU_vulkan_create_resources_with_requirements ANDROID_EMU_YUV_Cache ANDROID_EMU_vulkan_ignored_handles ANDROID_EMU_has_shared_slots_host_memory_allocator ANDROID_EMU_vulkan_free_memory_sync ANDROID_EMU_vulkan_shader_float16_int8 ANDROID_EMU_vulkan_async_queue_submit ANDROID_EMU_sync_buffer_data ANDROID_EMU_vulkan_async_qsri ANDROID_EMU_read_color_buffer_dma GL_OES_EGL_image_external_essl3 GL_OES_vertex_array_object GL_KHR_texture_compression_astc_ldr ANDROID_EMU_host_side_tracing ANDROID_EMU_gles_max_version_3_0 
02-19 15:41:54.724  2049  2049 I ile.android.ap: The ClassLoaderContext is a special shared library.
02-19 15:41:54.725  2049  2049 I ile.android.ap: The ClassLoaderContext is a special shared library.
02-19 15:41:54.726   162   162 I hwservicemanager: getTransport: Cannot find entry android.hardware.configstore@1.0::ISurfaceFlingerConfigs/default in either framework or device manifest.
02-19 15:41:54.727  1113  2027 D EGL_emulation: eglCreateContext: 0xee7c7c50: maj 1 min 0 rcv 1
02-19 15:41:54.737  1113  2027 D EGL_emulation: eglMakeCurrent: 0xee7c7c50: ver 1 0 (tinfo 0xeeb19830) (first time)
02-19 15:41:54.738  1113  2027 D EGL_emulation: eglMakeCurrent: 0xee7c7c50: ver 1 0 (tinfo 0xeeb19830) (first time)
02-19 15:41:54.740  1113  2027 D EGL_emulation: eglCreateContext: 0xee7c7c50: maj 3 min 0 rcv 3
02-19 15:41:54.780  1070  1862 I NearbyMessages: ReportRpcManager:  Skipping some call, returning cached messages for beacon IDs and URLs: {} [CONTEXT service_id=62 ]
02-19 15:41:54.791  1070  1070 I GeofencerStateMachine: sendQueryLocationOptIn
02-19 15:41:54.797  1070  1969 I Fitness : OnPackageChangedOperation got intent: Intent { act=android.intent.action.PACKAGE_CHANGED dat=package:com.android.stk flg=0x45000010 cmp=com.google.android.gms/.chimera.PersistentIntentOperationService (has extras) } [CONTEXT service_id=17 ]
02-19 15:41:54.873   756   989 I bt_stack: [INFO:gatt_api.cc(947)] GATT_Register 125bd6a1-ede1-acda-04fd-30b0209b3f14
02-19 15:41:54.873   756   989 I bt_stack: [INFO:gatt_api.cc(967)] allocated gatt_if=5
02-19 15:41:54.876  1113  1251 I Icing   : Not sending global search app notification. Search app not installed or not signed properly. [CONTEXT service_id=21 ]
02-19 15:41:54.877  1070  2104 D BluetoothLeScanner: onScannerRegistered() - status=0 scannerId=5 mScannerId=0
02-19 15:41:54.955  1113  2027 E PhenotypeRegOp: Attempting to overwrite config package for com.google.android.gms.games [CONTEXT service_id=231 ]
02-19 15:41:54.988  1070  1886 W .gms.persisten: Long monitor contention with owner GCMWriter (2093) at boolean android.app.ActivityThread.releaseProvider(android.content.IContentProvider, boolean)(ActivityThread.java:7029) waiters=0 in android.content.IContentProvider android.app.ActivityThread.acquireExistingProvider(android.content.Context, java.lang.String, int, boolean) for 221ms
02-19 15:41:54.996  1113  2027 E PhenotypeRegOp: Attempting to overwrite config package for com.google.android.gms.mobile_data_plan [CONTEXT service_id=231 ]
02-19 15:41:55.005  1113  2027 E PhenotypeRegOp: Attempting to overwrite config package for com.google.android.gms.signin [CONTEXT service_id=231 ]
02-19 15:41:55.006  1113  2027 E PhenotypeRegOp: Attempting to overwrite config package for com.google.android.gms.udc [CONTEXT service_id=231 ]
02-19 15:41:55.092  1070  1070 I GeofencerStateMachine: sendQueryLocationOptIn
02-19 15:41:55.155  1070  2093 E GCM     : Missing checkin config file
02-19 15:41:55.163  1070  2093 W GCM     : GCM FAILED TO INITIALIZE - missing checkin
02-19 15:41:55.180  1070  2093 E GCM     : Missing checkin config file
02-19 15:41:55.180  1070  2093 W GCM     : GCM FAILED TO INITIALIZE - missing checkin
02-19 15:41:55.277   756  1042 W UnsafeUtil: platform method missing - proto runtime falling back to safer methods: java.lang.NoSuchMethodException: sun.misc.Unsafe.copyMemory [class java.lang.Object, long, class java.lang.Object, long, long]
02-19 15:41:55.324  1981  2001 I m.android.shel: Waiting for a blocking GC ProfileSaver
02-19 15:41:55.345  1981  2001 I m.android.shel: WaitForGcToComplete blocked ProfileSaver on RunEmptyCheckpoint for 20.268ms
02-19 15:41:55.392  1113  1251 I Icing   : Internal init done: storage state 0 [CONTEXT service_id=21 ]
02-19 15:41:55.560  1070  2093 E WakeLock: GCM_HB_ALARM release without a matched acquire!
02-19 15:41:55.560  1070  2093 W WakeLock: GCM_HB_ALARM counter does not exist
02-19 15:41:55.675  1113  1251 I Icing   : Indexing com.google.android.gms-sms from com.google.android.gms [CONTEXT service_id=21 ]
02-19 15:41:55.687  1070  2112 I NetworkManagementSocketTagger: tagSocketFd(-1, 805307399, -1) failed with errno-9
02-19 15:41:55.766  1070  1969 I Fitness : OnPackageChangedOperation got intent: Intent { act=android.intent.action.PACKAGE_CHANGED dat=package:com.android.traceur flg=0x45000010 cmp=com.google.android.gms/.chimera.PersistentIntentOperationService (has extras) } [CONTEXT service_id=17 ]
02-19 15:41:55.768  1070  1716 I Fitness : FitCleanupIntentOperation received Intent android.intent.action.PACKAGE_CHANGED [CONTEXT service_id=17 ]
02-19 15:41:55.820  1070  1882 I anhw    : Scheduling Phenotype for a PhenotypeSyncImmediately(6, com.google.android.gms.settings.platform) one off with window [1, 2] in seconds [CONTEXT service_id=51 ]
02-19 15:41:55.840  1070  1850 I anhw    : Scheduling Phenotype for a PhenotypeSyncImmediately(6, com.google.android.gms.settings.platform.boot) one off with window [1, 2] in seconds [CONTEXT service_id=51 ]
02-19 15:41:56.010  1070  1969 I Fitness : FitCleanupIntentOperation received Intent android.intent.action.PACKAGE_CHANGED [CONTEXT service_id=17 ]
02-19 15:41:56.041  1070  1716 I Fitness : OnPackageChangedOperation got intent: Intent { act=android.intent.action.PACKAGE_CHANGED dat=package:com.google.android.gms flg=0x45000010 cmp=com.google.android.gms/.chimera.PersistentIntentOperationService (has extras) } [CONTEXT service_id=17 ]
02-19 15:41:56.077  1070  2112 E GCM     : Missing checkin config file
02-19 15:41:56.077  1070  2112 W GCM     : GCM FAILED TO INITIALIZE - missing checkin
02-19 15:41:56.085  1070  1969 I Fitness : OnPackageChangedOperation got intent: Intent { act=android.intent.action.PACKAGE_CHANGED dat=package:com.android.nfc flg=0x5000010 cmp=com.google.android.gms/.chimera.PersistentIntentOperationService (has extras) } [CONTEXT service_id=17 ]
02-19 15:41:56.117  1070  2112 E GCM     : Missing checkin config file
02-19 15:41:56.117  1070  2112 W GCM     : GCM FAILED TO INITIALIZE - missing checkin
02-19 15:41:56.127  1113  1782 I Icing   : IndexChimeraService.getServiceInterface callingPackage=com.google.android.gms componentName=AppsCorpus serviceId=36 [CONTEXT service_id=21 ]
02-19 15:41:56.151   286   987 I bt      : system/bt/vendor_libs/test_vendor_lib/model/devices/scripted_beacon.cc:113 set_state: Events file not opened yet, for event: 2
02-19 15:41:56.153   286   987 I bt      : system/bt/vendor_libs/test_vendor_lib/model/devices/scripted_beacon.cc:113 set_state: Events file not opened yet, for event: 3
02-19 15:41:56.163  1113  1337 I Icing   : IndexChimeraService.getServiceInterface callingPackage=com.google.android.gms componentName=IpaAppsCorpus serviceId=32 [CONTEXT service_id=21 ]
02-19 15:41:56.169  1070  2112 E WakeLock: GCM_HB_ALARM release without a matched acquire!
02-19 15:41:56.169  1070  2112 W WakeLock: GCM_HB_ALARM counter does not exist
02-19 15:41:56.179   864  1776 D NetworkMonitor/101: Forcing reevaluation for UID 10057. Dns signal count: 0
02-19 15:41:56.246  1070  1716 I Fitness : FitCleanupIntentOperation received Intent android.intent.action.PACKAGE_CHANGED [CONTEXT service_id=17 ]
02-19 15:41:56.278  1070  1968 I Fitness : FitCleanupIntentOperation received Intent android.intent.action.PACKAGE_CHANGED [CONTEXT service_id=17 ]
02-19 15:41:56.300   864  2120 D NetworkMonitor/101: PROBE_DNS connectivitycheck.gstatic.com 89ms OK 142.250.217.67,2607:f8b0:400a:801::2003
02-19 15:41:56.323  1113  1782 I Icing   : IndexChimeraService.getServiceInterface callingPackage=com.google.android.gms componentName=null serviceId=30 [CONTEXT service_id=21 ]
02-19 15:41:56.327   864  2119 D NetworkMonitor/101: PROBE_DNS www.google.com 135ms OK 142.250.69.196,2607:f8b0:400a:806::2004
02-19 15:41:56.412  1070  1778 I NearbyDiscovery: Show notifications: 0 total, no changes since last shown, no-op. [CONTEXT service_id=49 ]
02-19 15:41:56.429   864  2120 D NetworkMonitor/101: PROBE_HTTP http://connectivitycheck.gstatic.com/generate_204 time=124ms ret=204 request={Connection=[close], User-Agent=[Mozilla/5.0 (X11; Linux x86_64) AppleWebKit/537.36 (KHTML, like Gecko) Chrome/60.0.3112.32 Safari/537.36]} headers={null=[HTTP/1.1 204 No Content], Connection=[close], Content-Length=[0], Cross-Origin-Resource-Policy=[cross-origin], Date=[Sun, 19 Feb 2023 15:41:57 GMT], X-Android-Received-Millis=[1676821316428], X-Android-Response-Source=[NETWORK 204], X-Android-Selected-Protocol=[http/1.1], X-Android-Sent-Millis=[1676821316421]}
02-19 15:41:56.459  1113  1251 I Icing   : Indexing done com.google.android.gms-sms [CONTEXT service_id=21 ]
02-19 15:41:56.576  1113  1251 I Icing   : Indexing com.google.android.gms-apps from com.google.android.gms [CONTEXT service_id=21 ]
02-19 15:41:56.624   864  2119 D NetworkMonitor/101: PROBE_HTTPS https://www.google.com/generate_204 time=287ms ret=204 request={Connection=[close], User-Agent=[Mozilla/5.0 (X11; Linux x86_64) AppleWebKit/537.36 (KHTML, like Gecko) Chrome/60.0.3112.32 Safari/537.36]} headers={null=[HTTP/1.1 204 No Content], Alt-Svc=[h3=":443"; ma=2592000,h3-29=":443"; ma=2592000], Connection=[close], Content-Length=[0], Cross-Origin-Resource-Policy=[cross-origin], Date=[Sun, 19 Feb 2023 15:41:57 GMT], X-Android-Received-Millis=[1676821316622], X-Android-Response-Source=[NETWORK 204], X-Android-Selected-Protocol=[http/1.1], X-Android-Sent-Millis=[1676821316611]}
02-19 15:41:56.628   864  2118 D NetworkMonitor/101: isCaptivePortal: isSuccessful()=true isPortal()=false RedirectUrl=null isPartialConnectivity()=false Time=445ms
02-19 15:41:56.696  1113  1125 I gle.android.gm: Background young concurrent copying GC freed 37573(2468KB) AllocSpace objects, 24(1184KB) LOS objects, 42% free, 5072KB/8754KB, paused 1.759ms total 191.520ms
02-19 15:41:56.830  1113  1317 I Icing   : Query from package: com.google.android.gms, component: IpaAppsCorpus, restrict package: com.google.android.gms, start: 0, num: 100 maxNumSlices: 2147483647 [CONTEXT service_id=21 ]
02-19 15:41:56.907  1070  1850 E AsyncOperation: serviceID=51, operation=GetExperimentTokensOperationCall
02-19 15:41:56.907  1070  1850 E AsyncOperation: OperationException[Status{statusCode=No config packages for log source, or config package not registered, resolution=null}]
02-19 15:41:56.907  1070  1850 E AsyncOperation: 	at angh.a(:com.google.android.gms@201817022@20.18.17 (040700-311416286):92)
02-19 15:41:56.907  1070  1850 E AsyncOperation: 	at angh.a(:com.google.android.gms@201817022@20.18.17 (040700-311416286):77)
02-19 15:41:56.907  1070  1850 E AsyncOperation: 	at zus.run(:com.google.android.gms@201817022@20.18.17 (040700-311416286):10)
02-19 15:41:56.907  1070  1850 E AsyncOperation: 	at blot.run(:com.google.android.gms@201817022@20.18.17 (040700-311416286):2)
02-19 15:41:56.907  1070  1850 E AsyncOperation: 	at sji.b(:com.google.android.gms@201817022@20.18.17 (040700-311416286):12)
02-19 15:41:56.907  1070  1850 E AsyncOperation: 	at sji.run(:com.google.android.gms@201817022@20.18.17 (040700-311416286):7)
02-19 15:41:56.907  1070  1850 E AsyncOperation: 	at java.util.concurrent.ThreadPoolExecutor.runWorker(ThreadPoolExecutor.java:1167)
02-19 15:41:56.907  1070  1850 E AsyncOperation: 	at java.util.concurrent.ThreadPoolExecutor$Worker.run(ThreadPoolExecutor.java:641)
02-19 15:41:56.907  1070  1850 E AsyncOperation: 	at spj.run(:com.google.android.gms@201817022@20.18.17 (040700-311416286):0)
02-19 15:41:56.907  1070  1850 E AsyncOperation: 	at java.lang.Thread.run(Thread.java:923)
02-19 15:41:57.264  1070  1882 W .gms.persisten: Long monitor contention with owner highpool[2] (1850) at android.content.IContentProvider android.app.ActivityThread.acquireExistingProvider(android.content.Context, java.lang.String, int, boolean)(ActivityThread.java:6942) waiters=0 in android.content.IContentProvider android.app.ActivityThread.acquireExistingProvider(android.content.Context, java.lang.String, int, boolean) for 273ms
02-19 15:41:57.350  2049  2049 W ile.android.ap: Accessing hidden method Landroid/app/Instrumentation;->execStartActivity(Landroid/content/Context;Landroid/os/IBinder;Landroid/os/IBinder;Landroid/app/Activity;Landroid/content/Intent;ILandroid/os/Bundle;)Landroid/app/Instrumentation$ActivityResult; (greylist, linking, allowed)
02-19 15:41:57.350  2049  2049 W ile.android.ap: Accessing hidden method Landroid/app/Instrumentation;->execStartActivity(Landroid/content/Context;Landroid/os/IBinder;Landroid/os/IBinder;Ljava/lang/String;Landroid/content/Intent;ILandroid/os/Bundle;)Landroid/app/Instrumentation$ActivityResult; (greylist, linking, allowed)
02-19 15:41:57.441  2049  2049 D NetworkSecurityConfig: No Network Security Config specified, using platform default
02-19 15:41:57.442  2049  2049 D NetworkSecurityConfig: No Network Security Config specified, using platform default
02-19 15:41:57.442  2049  2049 I MonitoringInstr: newApplication called!
02-19 15:41:57.542  1070  2076 I anjv    : updateFromConfigurations using legacy put method [CONTEXT service_id=204 ]
02-19 15:41:57.577  2049  2049 I MonitoringInstr: Instrumentation started!
02-19 15:41:57.583  1113  1125 I gle.android.gm: Background young concurrent copying GC freed 49082(3814KB) AllocSpace objects, 2(104KB) LOS objects, 37% free, 5443KB/8754KB, paused 15.112ms total 277.065ms
02-19 15:41:57.661  1113  1254 D SharedPreferencesImpl: Time required to fsync /data/user/0/com.google.android.gms/shared_prefs/AppDataSearch-main-config.xml: [<1: 0, <2: 0, <4: 0, <8: 0, <16: 5, <32: 3, <64: 2, <128: 0, <256: 0, <512: 0, <1024: 0, <2048: 1, <4096: 0, <8192: 0, <16384: 0, >=16384: 0]
02-19 15:41:57.662  1113  1113 W gle.android.gm: Long monitor contention with owner queued-work-looper (1254) at void android.app.QueuedWork.processPendingWork()(QueuedWork.java:272) waiters=0 in void android.app.QueuedWork.processPendingWork() for 514ms
02-19 15:41:57.662  1113  1113 D QueuedWork: waited: [<1: 0, <2: 14, <4: 1, <8: 0, <16: 2, <32: 1, <64: 1, <128: 2, <256: 0, <512: 0, <1024: 1, <2048: 0, <4096: 0, <8192: 0, <16384: 0, >=16384: 0]
02-19 15:41:57.703  2049  2049 I AndroidJUnitRunner: onCreate Bundle[{testTimeoutSeconds=31536000, additionalTestOutputDir=/sdcard/Android/media/eu.bitfunk.blueprint.mobile.android.app/additional_test_output}]
02-19 15:41:57.715  2049  2049 V TestEventClient: No service name argument was given (testDiscoveryService, testRunEventService or orchestratorService)
02-19 15:41:57.749  2049  2138 D AndroidJUnitRunner: onStart is called.
02-19 15:41:57.750  2049  2049 I MonitoringInstr: No JSBridge.
02-19 15:41:57.785  1113  1251 I Icing   : Indexing done com.google.android.gms-apps [CONTEXT service_id=21 ]
02-19 15:41:57.786  1113  1251 I Icing   : Indexing com.google.android.gms-contacts_contact_id from com.google.android.gms [CONTEXT service_id=21 ]
02-19 15:41:57.796  1113  1251 I Icing   : Indexing done com.google.android.gms-contacts_contact_id [CONTEXT service_id=21 ]
02-19 15:41:57.820  1070  1265 I GCoreUlr: WorldUpdater received intent Intent { act=com.google.android.location.reporting.ACTION_UPDATE_WORLD cmp=com.google.android.gms/com.google.android.location.reporting.service.DispatchingService (has extras) } with receiverAction android.location.PROVIDERS_CHANGED
02-19 15:41:57.847  1113  1251 I Icing   : Indexing com.google.android.gms-emails_data_id from com.google.android.gms [CONTEXT service_id=21 ]
02-19 15:41:57.867  2049  2138 D TestRequestBuilder: Using class path scanning to discover tests
02-19 15:41:57.868  2049  2138 I TestRequestBuilder: Scanning classpath to find tests in paths [/data/app/~~oWOmo7CUyFGribpymtxApQ==/eu.bitfunk.blueprint.mobile.android.app.test-T34cZKetttCwzN7pWpjvcQ==/base.apk]
02-19 15:41:57.870  1113  1251 I Icing   : Indexing done com.google.android.gms-emails_data_id [CONTEXT service_id=21 ]
02-19 15:41:57.871  2049  2138 W ile.android.ap: Opening an oat file without a class loader. Are you using the deprecated DexFile APIs?
02-19 15:41:57.885  1113  1251 I Icing   : Indexing com.google.android.gms-phones_data_id from com.google.android.gms [CONTEXT service_id=21 ]
02-19 15:41:57.938  1113  2019 E MagicTether: [MagicTetherInitializer] Invalid account list.
02-19 15:41:58.151  1070  1265 I GCoreUlr: WorldUpdater:android.location.PROVIDERS_CHANGED: Ensuring that reporting is stopped because of reasons: (no Google accounts)
02-19 15:41:58.214   525   635 I InputReader: Reconfiguring input devices, changes=KEYBOARD_LAYOUTS | 
02-19 15:41:58.218   525   571 W Searchables: No global search activity found
02-19 15:41:58.218   756   756 V AvrcpMediaPlayerList: mPackageChangedBroadcastReceiver: action: android.intent.action.PACKAGE_CHANGED
02-19 15:41:58.219   756   756 D AvrcpMediaPlayerList: Name of package changed: com.google.android.gms
02-19 15:41:58.245   776  1266 W Role    : Cannot get ApplicationInfo for default holder: com.android.gallery3d
02-19 15:41:58.586   525   525 W system_server: Long monitor contention with owner android.fg (563) at int com.android.server.am.ActivityManagerService.bindIsolatedService(android.app.IApplicationThread, android.os.IBinder, android.content.Intent, java.lang.String, android.app.IServiceConnection, int, java.lang.String, java.lang.String, int)(ActivityManagerService.java:15183) waiters=4 in int com.android.server.am.ActivityManagerService.getUidState(int) for 117ms
02-19 15:41:58.599   776  1112 I PermissionControllerServiceImpl: Updating user sensitive for uid 10057
02-19 15:41:58.818   916   916 D CarrierSvcBindHelper: No carrier app for: 0
02-19 15:41:58.895   776  1266 W Role    : Cannot get ApplicationInfo for default holder: com.android.dialer
02-19 15:41:58.902  1070  1778 E NearbyDiscovery: DiscoveryNearbyMessagesManager failed to background subscribe [CONTEXT service_id=49 ]
02-19 15:41:58.902  1070  1778 E NearbyDiscovery: java.util.concurrent.TimeoutException: Timed out waiting for Task
02-19 15:41:58.902  1070  1778 E NearbyDiscovery: 	at auct.a(:com.google.android.gms@201817022@20.18.17 (040700-311416286):22)
02-19 15:41:58.902  1070  1778 E NearbyDiscovery: 	at ahoi.a(:com.google.android.gms@201817022@20.18.17 (040700-311416286):23)
02-19 15:41:58.902  1070  1778 E NearbyDiscovery: 	at ahnz.run(:com.google.android.gms@201817022@20.18.17 (040700-311416286):3)
02-19 15:41:58.902  1070  1778 E NearbyDiscovery: 	at buwi.handleMessage(:com.google.android.gms@201817022@20.18.17 (040700-311416286):6)
02-19 15:41:58.902  1070  1778 E NearbyDiscovery: 	at android.os.Handler.dispatchMessage(Handler.java:106)
02-19 15:41:58.902  1070  1778 E NearbyDiscovery: 	at adxm.a(:com.google.android.gms@201817022@20.18.17 (040700-311416286):2)
02-19 15:41:58.902  1070  1778 E NearbyDiscovery: 	at adxm.dispatchMessage(:com.google.android.gms@201817022@20.18.17 (040700-311416286):14)
02-19 15:41:58.902  1070  1778 E NearbyDiscovery: 	at android.os.Looper.loop(Looper.java:223)
02-19 15:41:58.902  1070  1778 E NearbyDiscovery: 	at android.os.HandlerThread.run(HandlerThread.java:67)
02-19 15:41:58.907  1070  1778 I NearbyDiscovery: Show notifications: 0 total, no changes since last shown, no-op. [CONTEXT service_id=49 ]
02-19 15:41:58.993  1070  1265 I GCoreUlr: Unbound from all signal providers.
02-19 15:41:59.003  2049  2138 W ScanningTestLoader: Could not load class: io.mockk.proxy.jvm.transformation.InliningClassTransformer
02-19 15:41:59.003  2049  2138 W ScanningTestLoader: java.lang.ClassNotFoundException: io.mockk.proxy.jvm.transformation.InliningClassTransformer
02-19 15:41:59.003  2049  2138 W ScanningTestLoader: 	at java.lang.Class.classForName(Native Method)
02-19 15:41:59.003  2049  2138 W ScanningTestLoader: 	at java.lang.Class.forName(Class.java:454)
02-19 15:41:59.003  2049  2138 W ScanningTestLoader: 	at androidx.test.internal.runner.ScanningTestLoader.doCreateRunner(ScanningTestLoader.java:45)
02-19 15:41:59.003  2049  2138 W ScanningTestLoader: 	at androidx.test.internal.runner.TestLoader.getRunnersFor(TestLoader.java:64)
02-19 15:41:59.003  2049  2138 W ScanningTestLoader: 	at androidx.test.internal.runner.TestRequestBuilder.build(TestRequestBuilder.java:835)
02-19 15:41:59.003  2049  2138 W ScanningTestLoader: 	at androidx.test.runner.AndroidJUnitRunner.buildRequest(AndroidJUnitRunner.java:650)
02-19 15:41:59.003  2049  2138 W ScanningTestLoader: 	at androidx.test.runner.AndroidJUnitRunner.onStart(AndroidJUnitRunner.java:418)
02-19 15:41:59.003  2049  2138 W ScanningTestLoader: 	at android.app.Instrumentation$InstrumentationThread.run(Instrumentation.java:2205)
02-19 15:41:59.003  2049  2138 W ScanningTestLoader: Caused by: java.lang.ClassNotFoundException: io.mockk.proxy.jvm.transformation.InliningClassTransformer
02-19 15:41:59.003  2049  2138 W ScanningTestLoader: 	at java.lang.VMClassLoader.findLoadedClass(Native Method)
02-19 15:41:59.003  2049  2138 W ScanningTestLoader: 	at java.lang.ClassLoader.findLoadedClass(ClassLoader.java:738)
02-19 15:41:59.003  2049  2138 W ScanningTestLoader: 	at java.lang.ClassLoader.loadClass(ClassLoader.java:363)
02-19 15:41:59.003  2049  2138 W ScanningTestLoader: 	at java.lang.ClassLoader.loadClass(ClassLoader.java:312)
02-19 15:41:59.003  2049  2138 W ScanningTestLoader: 	... 8 more
02-19 15:41:59.003  2049  2138 W ScanningTestLoader: Caused by: java.lang.NoClassDefFoundError: Failed resolution of: Ljava/lang/instrument/ClassFileTransformer;
02-19 15:41:59.003  2049  2138 W ScanningTestLoader: 	... 8 more
02-19 15:41:59.003  2049  2138 W ScanningTestLoader: Caused by: java.lang.ClassNotFoundException: Didn't find class "java.lang.instrument.ClassFileTransformer" on path: DexPathList[[zip file "/system/framework/android.test.runner.jar", zip file "/system/framework/android.test.mock.jar", zip file "/system/framework/android.test.base.jar", zip file "/data/app/~~oWOmo7CUyFGribpymtxApQ==/eu.bitfunk.blueprint.mobile.android.app.test-T34cZKetttCwzN7pWpjvcQ==/base.apk", zip file "/data/app/~~3OZ5aDQPzWqI3oYqL68g0A==/eu.bitfunk.blueprint.mobile.android.app-az0fOlmBP6wu_DH7O9WzhA==/base.apk"],nativeLibraryDirectories=[/data/app/~~oWOmo7CUyFGribpymtxApQ==/eu.bitfunk.blueprint.mobile.android.app.test-T34cZKetttCwzN7pWpjvcQ==/lib/x86, /data/app/~~3OZ5aDQPzWqI3oYqL68g0A==/eu.bitfunk.blueprint.mobile.android.app-az0fOlmBP6wu_DH7O9WzhA==/lib/x86, /system/lib, /system_ext/lib]]
02-19 15:41:59.003  2049  2138 W ScanningTestLoader: 	at dalvik.system.BaseDexClassLoader.findClass(BaseDexClassLoader.java:207)
02-19 15:41:59.003  2049  2138 W ScanningTestLoader: 	at java.lang.ClassLoader.loadClass(ClassLoader.java:379)
02-19 15:41:59.003  2049  2138 W ScanningTestLoader: 	at java.lang.ClassLoader.loadClass(ClassLoader.java:312)
02-19 15:41:59.003  2049  2138 W ScanningTestLoader: 	... 8 more
02-19 15:41:59.037  1113  1251 I Icing   : Indexing done com.google.android.gms-phones_data_id [CONTEXT service_id=21 ]
02-19 15:41:59.039  1113  1251 I Icing   : Indexing com.google.android.gms-postals_data_id from com.google.android.gms [CONTEXT service_id=21 ]
02-19 15:41:59.125  1113  2009 I SystemUpdate: [Installation,ReceiverIntentOperation] Received intent: Intent { act=android.intent.action.TIME_SET flg=0x25200010 cmp=com.google.android.gms/.chimera.GmsIntentOperationService$PersistentTrustedReceiver }.
02-19 15:41:59.166  1070  2154 I NetworkManagementSocketTagger: tagSocketFd(-1, 805307399, -1) failed with errno-9
02-19 15:41:59.252  1113  2019 I Auth    : [WorkAccount] update authenticator enabled for boot or update
02-19 15:41:59.294  1070  1070 I GeofencerStateMachine: sendQueryLocationOptIn
02-19 15:41:59.301  1070  2154 E GCM     : Missing checkin config file
02-19 15:41:59.302  1070  2154 W GCM     : GCM FAILED TO INITIALIZE - missing checkin
02-19 15:41:59.306  1070  2154 E GCM     : Missing checkin config file
02-19 15:41:59.306  1070  2154 W GCM     : GCM FAILED TO INITIALIZE - missing checkin
02-19 15:41:59.330   525  1965 W system_server: Long monitor contention with owner Binder:525_4 (615) at void com.android.server.AlarmManagerService.setImpl(int, long, long, long, android.app.PendingIntent, android.app.IAlarmListener, java.lang.String, int, android.os.WorkSource, android.app.AlarmManager$AlarmClockInfo, int, java.lang.String)(AlarmManagerService.java:1784) waiters=0 in void com.android.server.AlarmManagerService.setImpl(int, long, long, long, android.app.PendingIntent, android.app.IAlarmListener, java.lang.String, int, android.os.WorkSource, android.app.AlarmManager$AlarmClockInfo, int, java.lang.String) for 135ms
02-19 15:41:59.344  1070  2154 E WakeLock: GCM_HB_ALARM release without a matched acquire!
02-19 15:41:59.345  1070  2154 W WakeLock: GCM_HB_ALARM counter does not exist
02-19 15:41:59.349  1070  2161 I NetworkManagementSocketTagger: tagSocketFd(-1, 805307399, -1) failed with errno-9
02-19 15:41:59.399  1070  1070 I GeofencerStateMachine: sendQueryLocationOptIn
02-19 15:41:59.401  1070  2161 E GCM     : Missing checkin config file
02-19 15:41:59.401  1070  2161 W GCM     : GCM FAILED TO INITIALIZE - missing checkin
02-19 15:41:59.405  1070  2161 E GCM     : Missing checkin config file
02-19 15:41:59.405  1070  2161 W GCM     : GCM FAILED TO INITIALIZE - missing checkin
02-19 15:41:59.461  1070  2161 E WakeLock: GCM_HB_ALARM release without a matched acquire!
02-19 15:41:59.461  1070  2161 W WakeLock: GCM_HB_ALARM counter does not exist
02-19 15:41:59.465  2049  2138 D AndroidJUnitRunner: Use the raw file system for managing file I/O.
02-19 15:41:59.501  2049  2138 D TestExecutor: Adding listener androidx.test.internal.runner.listener.LogRunListener
02-19 15:41:59.503  2049  2138 D TestExecutor: Adding listener androidx.test.internal.runner.listener.InstrumentationResultPrinter
02-19 15:41:59.503  2049  2138 D TestExecutor: Adding listener androidx.test.internal.runner.listener.ActivityFinisherRunListener
02-19 15:41:59.503  2049  2138 D TestExecutor: Adding listener androidx.test.internal.runner.listener.TraceRunListener
02-19 15:41:59.515  2049  2138 I TestRunner: run started: 1 tests
02-19 15:41:59.520   776  1266 W Role    : Cannot get ApplicationInfo for default holder: com.android.gallery3d
02-19 15:41:59.523  2049  2138 I TestRunner: started: useAppContext(eu.bitfunk.blueprint.mobile.android.app.ExampleInstrumentedTest)
02-19 15:41:59.592   864  1776 D NetworkMonitor/101: Forcing reevaluation for UID 10057. Dns signal count: 0
02-19 15:41:59.633  1113  2009 W Settings: Setting device_provisioned has moved from android.provider.Settings.Secure to android.provider.Settings.Global.
02-19 15:41:59.688   776  1266 W Role    : Cannot get ApplicationInfo for default holder: com.android.dialer
02-19 15:41:59.699   525   635 I InputReader: Reconfiguring input devices, changes=KEYBOARD_LAYOUTS | 
02-19 15:41:59.701   756   756 V AvrcpMediaPlayerList: mPackageChangedBroadcastReceiver: action: android.intent.action.PACKAGE_CHANGED
02-19 15:41:59.701   756   756 D AvrcpMediaPlayerList: Name of package changed: com.google.android.gms
02-19 15:41:59.726  1070  2076 W anjv    : Committing snapshot for com.google.android.gms.settings.platform failed [CONTEXT service_id=204 ]
02-19 15:41:59.726  1070  2076 W anjv    : java.util.concurrent.TimeoutException: Timed out waiting for Task
02-19 15:41:59.726  1070  2076 W anjv    : 	at auct.a(:com.google.android.gms@201817022@20.18.17 (040700-311416286):22)
02-19 15:41:59.726  1070  2076 W anjv    : 	at anjv.b(:com.google.android.gms@201817022@20.18.17 (040700-311416286):20)
02-19 15:41:59.726  1070  2076 W anjv    : 	at anjv.b(:com.google.android.gms@201817022@20.18.17 (040700-311416286):18)
02-19 15:41:59.726  1070  2076 W anjv    : 	at anjv.d(:com.google.android.gms@201817022@20.18.17 (040700-311416286):5)
02-19 15:41:59.726  1070  2076 W anjv    : 	at com.google.android.gms.platformconfigurator.PhenotypeConfigurationUpdateListener.a(:com.google.android.gms@201817022@20.18.17 (040700-311416286):5)
02-19 15:41:59.726  1070  2076 W anjv    : 	at com.google.android.gms.platformconfigurator.PhenotypeConfigurationUpdateListener.onHandleIntent(:com.google.android.gms@201817022@20.18.17 (040700-311416286):16)
02-19 15:41:59.726  1070  2076 W anjv    : 	at com.google.android.chimera.IntentOperation.onHandleIntent(:com.google.android.gms@201817022@20.18.17 (040700-311416286):2)
02-19 15:41:59.726  1070  2076 W anjv    : 	at qgf.onHandleIntent(:com.google.android.gms@201817022@20.18.17 (040700-311416286):4)
02-19 15:41:59.726  1070  2076 W anjv    : 	at cui.run(:com.google.android.gms@201817022@20.18.17 (040700-311416286):5)
02-19 15:41:59.726  1070  2076 W anjv    : 	at cuh.run(:com.google.android.gms@201817022@20.18.17 (040700-311416286):9)
02-19 15:41:59.726  1070  2076 W anjv    : 	at java.util.concurrent.ThreadPoolExecutor.runWorker(ThreadPoolExecutor.java:1167)
02-19 15:41:59.726  1070  2076 W anjv    : 	at java.util.concurrent.ThreadPoolExecutor$Worker.run(ThreadPoolExecutor.java:641)
02-19 15:41:59.726  1070  2076 W anjv    : 	at java.lang.Thread.run(Thread.java:923)
02-19 15:41:59.742   525   615 W system_server: Long monitor contention with owner Binder:525_1 (560) at void com.android.server.am.ActivityManagerService.notifyPackageUse(java.lang.String, int)(ActivityManagerService.java:3134) waiters=1 in android.content.ComponentName com.android.server.am.ActivityManagerService.startService(android.app.IApplicationThread, android.content.Intent, java.lang.String, boolean, java.lang.String, java.lang.String, int) for 200ms
02-19 15:41:59.745   525  1439 W system_server: Long monitor contention with owner Binder:525_1 (560) at void com.android.server.am.ActivityManagerService.notifyPackageUse(java.lang.String, int)(ActivityManagerService.java:3134) waiters=4 in java.lang.String com.android.server.am.ActivityManagerService.getTagForIntentSender(android.content.IIntentSender, java.lang.String) for 137ms
02-19 15:41:59.750  1070  1968 I Fitness : OnPackageChangedOperation got intent: Intent { act=android.intent.action.PACKAGE_CHANGED dat=package:com.google.android.gms flg=0x45000010 cmp=com.google.android.gms/.chimera.PersistentIntentOperationService (has extras) } [CONTEXT service_id=17 ]
02-19 15:41:59.813   864  2167 D NetworkMonitor/101: PROBE_DNS www.google.com 147ms OK 142.250.69.196,2607:f8b0:400a:806::2004
02-19 15:41:59.826  2049  2138 I TestRunner: finished: useAppContext(eu.bitfunk.blueprint.mobile.android.app.ExampleInstrumentedTest)
02-19 15:41:59.838  1070  1265 I GCoreUlr: WorldUpdater received intent Intent { act=com.google.android.location.reporting.ACTION_UPDATE_WORLD cmp=com.google.android.gms/com.google.android.location.reporting.service.DispatchingService (has extras) } with receiverAction android.location.PROVIDERS_CHANGED
02-19 15:41:59.838  1070  1596 I BeaconBle: Client requested scan, settings=BleSettings [scanMode=ZERO_POWER, callbackType=ALL_MATCHES, reportDelayMillis=0, 5 filters, 1 clients, callingClientName=Nearby] [CONTEXT service_id=111 ]
02-19 15:41:59.845  1070  1265 I GCoreUlr: WorldUpdater:android.location.PROVIDERS_CHANGED: Ensuring that reporting is stopped because of reasons: (no Google accounts)
02-19 15:41:59.859  2049  2138 I TestRunner: run finished: 1 tests, 0 failed, 0 ignored
02-19 15:41:59.886   864  2168 D NetworkMonitor/101: PROBE_DNS connectivitycheck.gstatic.com 230ms OK 142.250.217.67,2607:f8b0:400a:801::2003
02-19 15:41:59.891  1070  1082 I .gms.persisten: ThreadFlipBegin blocked for 8.347ms
02-19 15:41:59.905   864  2167 D NetworkMonitor/101: PROBE_HTTPS https://www.google.com/generate_204 time=72ms ret=204 request={Connection=[close], User-Agent=[Mozilla/5.0 (X11; Linux x86_64) AppleWebKit/537.36 (KHTML, like Gecko) Chrome/60.0.3112.32 Safari/537.36]} headers={null=[HTTP/1.1 204 No Content], Alt-Svc=[h3=":443"; ma=2592000,h3-29=":443"; ma=2592000], Connection=[close], Content-Length=[0], Cross-Origin-Resource-Policy=[cross-origin], Date=[Sun, 19 Feb 2023 15:42:00 GMT], X-Android-Received-Millis=[1676821319902], X-Android-Response-Source=[NETWORK 204], X-Android-Selected-Protocol=[http/1.1], X-Android-Sent-Millis=[1676821319895]}
02-19 15:41:59.907   864  2166 D NetworkMonitor/101: isCaptivePortal: isSuccessful()=true isPortal()=false RedirectUrl=null isPartialConnectivity()=false Time=287ms
02-19 15:41:59.950   525  1049 I system_server: IncrementDisableThreadFlip blocked for 59.948ms
02-19 15:41:59.952   525  1965 I system_server: IncrementDisableThreadFlip blocked for 60.358ms
02-19 15:41:59.952   525   806 I system_server: IncrementDisableThreadFlip blocked for 54.885ms
02-19 15:41:59.953   525   616 I system_server: IncrementDisableThreadFlip blocked for 46.025ms
02-19 15:41:59.954   525   563 I system_server: IncrementDisableThreadFlip blocked for 43.847ms
02-19 15:41:59.958   525  2175 I system_server: IncrementDisableThreadFlip blocked for 7.613ms
02-19 15:41:59.966   864  2168 D NetworkMonitor/101: PROBE_HTTP http://connectivitycheck.gstatic.com/generate_204 time=67ms ret=204 request={Connection=[close], User-Agent=[Mozilla/5.0 (X11; Linux x86_64) AppleWebKit/537.36 (KHTML, like Gecko) Chrome/60.0.3112.32 Safari/537.36]} headers={null=[HTTP/1.1 204 No Content], Connection=[close], Content-Length=[0], Cross-Origin-Resource-Policy=[cross-origin], Date=[Sun, 19 Feb 2023 15:42:00 GMT], X-Android-Received-Millis=[1676821319947], X-Android-Response-Source=[NETWORK 204], X-Android-Selected-Protocol=[http/1.1], X-Android-Sent-Millis=[1676821319937]}
02-19 15:41:59.995   525   560 W system_server: Long monitor contention with owner android.fg (563) at void com.android.server.am.ActivityManagerService.notifyPackageUse(java.lang.String, int)(ActivityManagerService.java:3134) waiters=5 in void com.android.server.am.ActivityManagerService.serviceDoneExecuting(android.os.IBinder, int, int, int) for 230ms
02-19 15:42:00.042  1910  1910 D AndroidRuntime: Shutting down VM
02-19 15:42:00.165  1070  1596 W .gms.persisten: Long monitor contention with owner lowpool[0] (1163) at android.content.IContentProvider android.app.ActivityThread.acquireExistingProvider(android.content.Context, java.lang.String, int, boolean)(ActivityThread.java:6942) waiters=0 in android.content.IContentProvider android.app.ActivityThread.acquireExistingProvider(android.content.Context, java.lang.String, int, boolean) for 110ms
02-19 15:42:00.208   916   916 D CarrierSvcBindHelper: No carrier app for: 0
02-19 15:42:00.212   776  1112 I PermissionControllerServiceImpl: Updating user sensitive for uid 10057
02-19 15:42:00.269   279   279 I Zygote  : Process 2049 exited due to signal 9 (Killed)
02-19 15:42:00.288   525   574 I libprocessgroup: Successfully killed process cgroup uid 10075 pid 2049 in 210ms
02-19 15:42:00.339  1070  2171 I Auth    : [Change,AccountsChange] First snapshot
02-19 15:42:00.347  1113  1251 I Icing   : Indexing done com.google.android.gms-postals_data_id [CONTEXT service_id=21 ]
02-19 15:42:00.406  1070  1265 I GCoreUlr: Unbound from all signal providers.
02-19 15:42:00.451   525   535 I system_server: Background concurrent copying GC freed 165331(8589KB) AllocSpace objects, 38(2284KB) LOS objects, 49% free, 10207KB/19MB, paused 42.907ms total 1.746s
02-19 15:42:00.491  1070  2171 W WakefulBroadcastReceiv.: No active wake lock id #1
02-19 15:42:00.498  1070  1265 I GCoreUlr: DispatchingService ignoring Intent { act=android.net.wifi.WIFI_STATE_CHANGED flg=0x4000010 (has extras) } because ULR inactive
02-19 15:42:00.531  1070  1968 I Fitness : FitCleanupIntentOperation received Intent android.intent.action.PACKAGE_CHANGED [CONTEXT service_id=17 ]
02-19 15:42:00.563  1070  1265 I GCoreUlr: WorldUpdater received intent Intent { act=com.google.android.location.reporting.ACTION_UPDATE_WORLD cmp=com.google.android.gms/com.google.android.location.reporting.service.DispatchingService (has extras) } with receiverAction com.google.android.location.internal.server.ACTION_RESTARTED
02-19 15:42:00.575  1070  1265 I GCoreUlr: WorldUpdater:com.google.android.location.internal.server.ACTION_RESTARTED: Ensuring that reporting is stopped because of reasons: (no Google accounts)
02-19 15:42:00.617  1070  1265 I GCoreUlr: Unbound from all signal providers.
02-19 15:42:00.622  1070  1596 I BeaconBle: Stopping scan on delegate scanner. BT state: 12 [CONTEXT service_id=111 ]
02-19 15:42:00.622  1070  1596 D BluetoothAdapter: isLeEnabled(): ON
02-19 15:42:00.634  1070  1082 I .gms.persisten: Background young concurrent copying GC freed 77653(4041KB) AllocSpace objects, 7(332KB) LOS objects, 33% free, 6724KB/10067KB, paused 1.813ms total 1.242s
02-19 15:42:00.765  1070  1596 I BeaconBle: Resetting - new scanner available: true [CONTEXT service_id=111 ]
02-19 15:42:00.765  1070  1596 I BeaconBle: ZERO_POWER is disabled. [CONTEXT service_id=111 ]
02-19 15:42:00.766  1070  1596 I BeaconBle: 'L' hardware scan: scan stopped, no powered clients [CONTEXT service_id=111 ]
02-19 15:42:00.783  1070  2151 I MagicTether: [HostValidator] InvalidHost. MobileData: true, Tethering: true, whitelist: false, ble: true
02-19 15:42:00.839  1113  1251 I Icing   : Post-init done [CONTEXT service_id=21 ]
02-19 15:42:00.846  1113  1251 I Icing   : updateResources: need to parse abvr{com.google.android.gms} [CONTEXT service_id=21 ]
02-19 15:42:00.889  1070  1070 I GeofencerStateMachine: sendQueryLocationOptIn
02-19 15:42:01.070  1070  2060 W .gms.persisten: Long monitor contention with owner lowpool[0] (1163) at void apkp.a(aphr, aphr, int)(:com.google.android.gms@201817022@20.18.17 (040700-311416286):199) waiters=0 in int apkp.a(apki, aamz) for 440ms
02-19 15:42:01.097  1070  1070 I GCoreUlr: Unbound from all signal providers.
02-19 15:42:01.097  1070  1070 I GCoreUlr: Stopping handler for UlrDispSvcFast
02-19 15:42:01.099  1070  1070 I GeofencerStateMachine: sendQueryLocationOptIn
===================
END_TIME: 2023-02-19 15:42:01.893
END_TIME-NANOS: 2023-02-19 15:42:01.893900000
DURATION: 14724ms
EXIT CODE: 143
